2026-09-16 10:49:36,623 - nanochat.common - [32m[1mINFO[0m - Distributed world size: 1

                                                       █████                █████
                                                      ░░███                ░░███
     ████████    ██████   ████████    ██████   ██████  ░███████    ██████  ███████
    ░░███░░███  ░░░░░███ ░░███░░███  ███░░███ ███░░███ ░███░░███  ░░░░░███░░░███░
     ░███ ░███   ███████  ░███ ░███ ░███ ░███░███ ░░░  ░███ ░███   ███████  ░███
     ░███ ░███  ███░░███  ░███ ░███ ░███ ░███░███  ███ ░███ ░███  ███░░███  ░███ ███
     ████ █████░░████████ ████ █████░░██████ ░░██████  ████ █████░░███████  ░░█████
    ░░░░ ░░░░░  ░░░░░░░░ ░░░░ ░░░░░  ░░░░░░   ░░░░░░  ░░░░ ░░░░░  ░░░░░░░░   ░░░░░
    
Autodetected device type: mps
COMPUTE_DTYPE: torch.float32 (auto-detected: no CUDA (CPU/MPS))
!!!!!!!!!!!!!!!!!!!!!!!!!!!!!!!!!!!!!!!!!!!!!!!!!!!!!!!!!!!!!!!!!!!!!!!!!!!!!!!!
WARNING: Flash Attention 3 not available, using PyTorch SDPA fallback
WARNING: Training will be less efficient without FA3
!!!!!!!!!!!!!!!!!!!!!!!!!!!!!!!!!!!!!!!!!!!!!!!!!!!!!!!!!!!!!!!!!!!!!!!!!!!!!!!!
Vocab size: 32,768
Model config:
{
  "sequence_len": 2048,
  "vocab_size": 32768,
  "n_layer": 2,
  "n_head": 1,
  "n_kv_head": 1,
  "n_embd": 128,
  "window_pattern": "L"
}
Parameter counts:
wte                     : 4,194,304
value_embeds            : 4,194,304
lm_head                 : 4,194,304
transformer_matrices    : 393,228
scalars                 : 30
total                   : 12,976,170
Estimated FLOPs per token: 3.381679e+07
Auto-computed optimal batch size: 131,072 tokens
Scaling LRs by 0.5000 for batch size 131,072 (reference: 524,288)
Scaling weight decay from 0.280000 to 3.360004 for depth 2
Scaling the LR for the AdamW parameters ∝1/√(128/768) = 2.449490
Calculated number of iterations from target data:param ratio: 420
Total number of training tokens: 55,050,240
Tokens : Scaling params ratio: 12.00
Total training FLOPs estimate: 1.861623e+15
Tokens / micro-batch / rank: 16 x 2048 = 32,768
Tokens / micro-batch: 32,768
Total batch size 131,072 => gradient accumulation steps: 4
Step 00000 | Validation bpb: 3.140477
step 00000/00420 (0.00%) | loss: 10.397423 | lrm: 0.03 | dt: 2717.69ms | tok/sec: 48,229 | bf16_mfu: 0.00 | epoch: 1 pq: 0 rg: 1 | total time: 0.00m
step 00001/00420 (0.24%) | loss: 10.395142 | lrm: 0.05 | dt: 1923.20ms | tok/sec: 68,153 | bf16_mfu: 0.00 | epoch: 1 pq: 0 rg: 1 | total time: 0.00m
step 00002/00420 (0.48%) | loss: 10.391139 | lrm: 0.07 | dt: 1900.30ms | tok/sec: 68,974 | bf16_mfu: 0.00 | epoch: 1 pq: 0 rg: 1 | total time: 0.00m
step 00003/00420 (0.71%) | loss: 10.384771 | lrm: 0.10 | dt: 1906.10ms | tok/sec: 68,764 | bf16_mfu: 0.00 | epoch: 1 pq: 0 rg: 1 | total time: 0.00m
step 00004/00420 (0.95%) | loss: 10.375436 | lrm: 0.12 | dt: 1995.35ms | tok/sec: 65,688 | bf16_mfu: 0.00 | epoch: 1 pq: 0 rg: 2 | total time: 0.00m
step 00005/00420 (1.19%) | loss: 10.361615 | lrm: 0.15 | dt: 1934.32ms | tok/sec: 67,761 | bf16_mfu: 0.00 | epoch: 1 pq: 0 rg: 2 | total time: 0.00m
step 00006/00420 (1.43%) | loss: 10.340846 | lrm: 0.17 | dt: 1978.37ms | tok/sec: 66,252 | bf16_mfu: 0.00 | epoch: 1 pq: 0 rg: 2 | total time: 0.00m
step 00007/00420 (1.67%) | loss: 10.312353 | lrm: 0.20 | dt: 1878.07ms | tok/sec: 69,790 | bf16_mfu: 0.00 | epoch: 1 pq: 0 rg: 2 | total time: 0.00m
step 00008/00420 (1.90%) | loss: 10.272666 | lrm: 0.23 | dt: 1865.29ms | tok/sec: 70,269 | bf16_mfu: 0.00 | epoch: 1 pq: 0 rg: 2 | total time: 0.00m
step 00009/00420 (2.14%) | loss: 10.214166 | lrm: 0.25 | dt: 1849.06ms | tok/sec: 70,885 | bf16_mfu: 0.00 | epoch: 1 pq: 0 rg: 3 | total time: 0.00m
step 00010/00420 (2.38%) | loss: 10.138035 | lrm: 0.28 | dt: 1962.48ms | tok/sec: 66,788 | bf16_mfu: 0.00 | epoch: 1 pq: 0 rg: 3 | total time: 0.00m
step 00011/00420 (2.62%) | loss: 10.041052 | lrm: 0.30 | dt: 1935.99ms | tok/sec: 67,702 | bf16_mfu: 0.00 | epoch: 1 pq: 0 rg: 3 | total time: 0.03m | eta: 13.2m
step 00012/00420 (2.86%) | loss: 9.922889 | lrm: 0.33 | dt: 1888.07ms | tok/sec: 69,421 | bf16_mfu: 0.00 | epoch: 1 pq: 0 rg: 3 | total time: 0.06m | eta: 13.0m
step 00013/00420 (3.10%) | loss: 9.773363 | lrm: 0.35 | dt: 1958.60ms | tok/sec: 66,921 | bf16_mfu: 0.00 | epoch: 1 pq: 0 rg: 4 | total time: 0.10m | eta: 13.1m
step 00014/00420 (3.33%) | loss: 9.612483 | lrm: 0.38 | dt: 1882.10ms | tok/sec: 69,641 | bf16_mfu: 0.00 | epoch: 1 pq: 0 rg: 4 | total time: 0.13m | eta: 13.0m
step 00015/00420 (3.57%) | loss: 9.436854 | lrm: 0.40 | dt: 1962.45ms | tok/sec: 66,789 | bf16_mfu: 0.00 | epoch: 1 pq: 0 rg: 4 | total time: 0.16m | eta: 13.0m
step 00016/00420 (3.81%) | loss: 9.264579 | lrm: 0.42 | dt: 1894.34ms | tok/sec: 69,191 | bf16_mfu: 0.00 | epoch: 1 pq: 0 rg: 4 | total time: 0.19m | eta: 12.9m
step 00017/00420 (4.05%) | loss: 9.091728 | lrm: 0.45 | dt: 1933.43ms | tok/sec: 67,792 | bf16_mfu: 0.00 | epoch: 1 pq: 0 rg: 5 | total time: 0.22m | eta: 12.9m
step 00018/00420 (4.29%) | loss: 8.929459 | lrm: 0.47 | dt: 1935.03ms | tok/sec: 67,736 | bf16_mfu: 0.00 | epoch: 1 pq: 0 rg: 5 | total time: 0.26m | eta: 12.9m
step 00019/00420 (4.52%) | loss: 8.778291 | lrm: 0.50 | dt: 1973.36ms | tok/sec: 66,420 | bf16_mfu: 0.00 | epoch: 1 pq: 0 rg: 5 | total time: 0.29m | eta: 12.9m
step 00020/00420 (4.76%) | loss: 8.613195 | lrm: 0.53 | dt: 2025.40ms | tok/sec: 64,714 | bf16_mfu: 0.00 | epoch: 1 pq: 0 rg: 6 | total time: 0.32m | eta: 12.9m
step 00021/00420 (5.00%) | loss: 8.453566 | lrm: 0.55 | dt: 1933.56ms | tok/sec: 67,788 | bf16_mfu: 0.00 | epoch: 1 pq: 0 rg: 6 | total time: 0.36m | eta: 12.9m
step 00022/00420 (5.24%) | loss: 8.295266 | lrm: 0.57 | dt: 1896.97ms | tok/sec: 69,095 | bf16_mfu: 0.00 | epoch: 1 pq: 0 rg: 6 | total time: 0.39m | eta: 12.8m
step 00023/00420 (5.48%) | loss: 8.158642 | lrm: 0.60 | dt: 1941.67ms | tok/sec: 67,504 | bf16_mfu: 0.00 | epoch: 1 pq: 0 rg: 6 | total time: 0.42m | eta: 12.8m
step 00024/00420 (5.71%) | loss: 8.032073 | lrm: 0.62 | dt: 1870.53ms | tok/sec: 70,072 | bf16_mfu: 0.00 | epoch: 1 pq: 0 rg: 7 | total time: 0.45m | eta: 12.7m
step 00025/00420 (5.95%) | loss: 7.904077 | lrm: 0.65 | dt: 1941.30ms | tok/sec: 67,517 | bf16_mfu: 0.00 | epoch: 1 pq: 0 rg: 7 | total time: 0.48m | eta: 12.7m
step 00026/00420 (6.19%) | loss: 7.789630 | lrm: 0.68 | dt: 2035.57ms | tok/sec: 64,390 | bf16_mfu: 0.00 | epoch: 1 pq: 0 rg: 7 | total time: 0.52m | eta: 12.7m
step 00027/00420 (6.43%) | loss: 7.694747 | lrm: 0.70 | dt: 2103.89ms | tok/sec: 62,299 | bf16_mfu: 0.00 | epoch: 1 pq: 0 rg: 7 | total time: 0.55m | eta: 12.8m
step 00028/00420 (6.67%) | loss: 7.594961 | lrm: 0.72 | dt: 2107.65ms | tok/sec: 62,188 | bf16_mfu: 0.00 | epoch: 1 pq: 0 rg: 8 | total time: 0.59m | eta: 12.8m
step 00029/00420 (6.90%) | loss: 7.519407 | lrm: 0.75 | dt: 2138.35ms | tok/sec: 61,295 | bf16_mfu: 0.00 | epoch: 1 pq: 0 rg: 8 | total time: 0.62m | eta: 12.8m
step 00030/00420 (7.14%) | loss: 7.424151 | lrm: 0.78 | dt: 2048.99ms | tok/sec: 63,969 | bf16_mfu: 0.00 | epoch: 1 pq: 0 rg: 8 | total time: 0.66m | eta: 12.8m
step 00031/00420 (7.38%) | loss: 7.336995 | lrm: 0.80 | dt: 2087.59ms | tok/sec: 62,786 | bf16_mfu: 0.00 | epoch: 1 pq: 0 rg: 8 | total time: 0.69m | eta: 12.8m
step 00032/00420 (7.62%) | loss: 7.257580 | lrm: 0.82 | dt: 2128.81ms | tok/sec: 61,570 | bf16_mfu: 0.00 | epoch: 1 pq: 0 rg: 9 | total time: 0.73m | eta: 12.8m
step 00033/00420 (7.86%) | loss: 7.183122 | lrm: 0.85 | dt: 2047.63ms | tok/sec: 64,011 | bf16_mfu: 0.00 | epoch: 1 pq: 0 rg: 9 | total time: 0.76m | eta: 12.8m
step 00034/00420 (8.10%) | loss: 7.113956 | lrm: 0.88 | dt: 2136.96ms | tok/sec: 61,335 | bf16_mfu: 0.00 | epoch: 1 pq: 0 rg: 9 | total time: 0.80m | eta: 12.8m
step 00035/00420 (8.33%) | loss: 7.045187 | lrm: 0.90 | dt: 2203.71ms | tok/sec: 59,477 | bf16_mfu: 0.00 | epoch: 1 pq: 0 rg: 9 | total time: 0.83m | eta: 12.8m
step 00036/00420 (8.57%) | loss: 6.987455 | lrm: 0.93 | dt: 2106.57ms | tok/sec: 62,220 | bf16_mfu: 0.00 | epoch: 1 pq: 0 rg: 10 | total time: 0.87m | eta: 12.8m
step 00037/00420 (8.81%) | loss: 6.933223 | lrm: 0.95 | dt: 2119.18ms | tok/sec: 61,850 | bf16_mfu: 0.00 | epoch: 1 pq: 0 rg: 10 | total time: 0.90m | eta: 12.8m
step 00038/00420 (9.05%) | loss: 6.877205 | lrm: 0.97 | dt: 2066.99ms | tok/sec: 63,412 | bf16_mfu: 0.00 | epoch: 1 pq: 0 rg: 10 | total time: 0.94m | eta: 12.8m
step 00039/00420 (9.29%) | loss: 6.824344 | lrm: 1.00 | dt: 2079.53ms | tok/sec: 63,029 | bf16_mfu: 0.00 | epoch: 1 pq: 0 rg: 11 | total time: 0.97m | eta: 12.8m
step 00040/00420 (9.52%) | loss: 6.777242 | lrm: 1.00 | dt: 2130.83ms | tok/sec: 61,512 | bf16_mfu: 0.00 | epoch: 1 pq: 0 rg: 11 | total time: 1.01m | eta: 12.8m
step 00041/00420 (9.76%) | loss: 6.729928 | lrm: 1.00 | dt: 2084.17ms | tok/sec: 62,889 | bf16_mfu: 0.00 | epoch: 1 pq: 0 rg: 11 | total time: 1.04m | eta: 12.8m
step 00042/00420 (10.00%) | loss: 6.686412 | lrm: 1.00 | dt: 2035.29ms | tok/sec: 64,399 | bf16_mfu: 0.00 | epoch: 1 pq: 0 rg: 11 | total time: 1.08m | eta: 12.7m
step 00043/00420 (10.24%) | loss: 6.649976 | lrm: 1.00 | dt: 2116.24ms | tok/sec: 61,936 | bf16_mfu: 0.00 | epoch: 1 pq: 0 rg: 12 | total time: 1.11m | eta: 12.7m
step 00044/00420 (10.48%) | loss: 6.617644 | lrm: 1.00 | dt: 2086.93ms | tok/sec: 62,806 | bf16_mfu: 0.00 | epoch: 1 pq: 0 rg: 12 | total time: 1.15m | eta: 12.7m
step 00045/00420 (10.71%) | loss: 6.573342 | lrm: 1.00 | dt: 2017.01ms | tok/sec: 64,983 | bf16_mfu: 0.00 | epoch: 1 pq: 0 rg: 12 | total time: 1.18m | eta: 12.7m
step 00046/00420 (10.95%) | loss: 6.538370 | lrm: 1.00 | dt: 2111.71ms | tok/sec: 62,069 | bf16_mfu: 0.00 | epoch: 1 pq: 0 rg: 12 | total time: 1.22m | eta: 12.6m
step 00047/00420 (11.19%) | loss: 6.511684 | lrm: 1.00 | dt: 2229.91ms | tok/sec: 58,779 | bf16_mfu: 0.00 | epoch: 1 pq: 0 rg: 13 | total time: 1.25m | eta: 12.6m
step 00048/00420 (11.43%) | loss: 6.490759 | lrm: 1.00 | dt: 2088.72ms | tok/sec: 62,752 | bf16_mfu: 0.00 | epoch: 1 pq: 0 rg: 13 | total time: 1.29m | eta: 12.6m
step 00049/00420 (11.67%) | loss: 6.468637 | lrm: 1.00 | dt: 2035.42ms | tok/sec: 64,395 | bf16_mfu: 0.00 | epoch: 1 pq: 0 rg: 13 | total time: 1.32m | eta: 12.6m
Step 00050 | Validation bpb: 1.875087
step 00050/00420 (11.90%) | loss: 6.449234 | lrm: 1.00 | dt: 2033.48ms | tok/sec: 64,456 | bf16_mfu: 0.00 | epoch: 1 pq: 0 rg: 14 | total time: 1.36m | eta: 12.5m
step 00051/00420 (12.14%) | loss: 6.439125 | lrm: 1.00 | dt: 1479.19ms | tok/sec: 88,610 | bf16_mfu: 0.00 | epoch: 1 pq: 0 rg: 14 | total time: 1.38m | eta: 12.4m
step 00052/00420 (12.38%) | loss: 6.411686 | lrm: 1.00 | dt: 1486.38ms | tok/sec: 88,182 | bf16_mfu: 0.00 | epoch: 1 pq: 0 rg: 14 | total time: 1.41m | eta: 12.3m
step 00053/00420 (12.62%) | loss: 6.382153 | lrm: 1.00 | dt: 1476.97ms | tok/sec: 88,743 | bf16_mfu: 0.00 | epoch: 1 pq: 0 rg: 14 | total time: 1.43m | eta: 12.2m
step 00054/00420 (12.86%) | loss: 6.351193 | lrm: 1.00 | dt: 1493.85ms | tok/sec: 87,741 | bf16_mfu: 0.00 | epoch: 1 pq: 0 rg: 15 | total time: 1.45m | eta: 12.1m
step 00055/00420 (13.10%) | loss: 6.329574 | lrm: 1.00 | dt: 1515.29ms | tok/sec: 86,499 | bf16_mfu: 0.00 | epoch: 1 pq: 0 rg: 15 | total time: 1.48m | eta: 12.0m
step 00056/00420 (13.33%) | loss: 6.313746 | lrm: 1.00 | dt: 1487.10ms | tok/sec: 88,139 | bf16_mfu: 0.00 | epoch: 1 pq: 0 rg: 15 | total time: 1.50m | eta: 11.9m
step 00057/00420 (13.57%) | loss: 6.297581 | lrm: 1.00 | dt: 1475.26ms | tok/sec: 88,846 | bf16_mfu: 0.00 | epoch: 1 pq: 0 rg: 15 | total time: 1.53m | eta: 11.8m
step 00058/00420 (13.81%) | loss: 6.276312 | lrm: 1.00 | dt: 1470.54ms | tok/sec: 89,131 | bf16_mfu: 0.00 | epoch: 1 pq: 0 rg: 16 | total time: 1.55m | eta: 11.7m
step 00059/00420 (14.05%) | loss: 6.260897 | lrm: 1.00 | dt: 1466.73ms | tok/sec: 89,363 | bf16_mfu: 0.00 | epoch: 1 pq: 0 rg: 16 | total time: 1.58m | eta: 11.6m
step 00060/00420 (14.29%) | loss: 6.230586 | lrm: 1.00 | dt: 1471.76ms | tok/sec: 89,057 | bf16_mfu: 0.00 | epoch: 1 pq: 0 rg: 16 | total time: 1.60m | eta: 11.5m
step 00061/00420 (14.52%) | loss: 6.207977 | lrm: 1.00 | dt: 1465.93ms | tok/sec: 89,412 | bf16_mfu: 0.00 | epoch: 1 pq: 0 rg: 16 | total time: 1.63m | eta: 11.5m
step 00062/00420 (14.76%) | loss: 6.197876 | lrm: 1.00 | dt: 1466.19ms | tok/sec: 89,396 | bf16_mfu: 0.00 | epoch: 1 pq: 0 rg: 17 | total time: 1.65m | eta: 11.4m
step 00063/00420 (15.00%) | loss: 6.183517 | lrm: 1.00 | dt: 1471.91ms | tok/sec: 89,049 | bf16_mfu: 0.00 | epoch: 1 pq: 0 rg: 17 | total time: 1.68m | eta: 11.3m
step 00064/00420 (15.24%) | loss: 6.162597 | lrm: 1.00 | dt: 1471.91ms | tok/sec: 89,049 | bf16_mfu: 0.00 | epoch: 1 pq: 0 rg: 17 | total time: 1.70m | eta: 11.2m
step 00065/00420 (15.48%) | loss: 6.137916 | lrm: 1.00 | dt: 1472.97ms | tok/sec: 88,984 | bf16_mfu: 0.00 | epoch: 1 pq: 0 rg: 18 | total time: 1.73m | eta: 11.1m
step 00066/00420 (15.71%) | loss: 6.124563 | lrm: 1.00 | dt: 1464.87ms | tok/sec: 89,476 | bf16_mfu: 0.00 | epoch: 1 pq: 0 rg: 18 | total time: 1.75m | eta: 11.1m
step 00067/00420 (15.95%) | loss: 6.103451 | lrm: 1.00 | dt: 1463.53ms | tok/sec: 89,558 | bf16_mfu: 0.00 | epoch: 1 pq: 0 rg: 18 | total time: 1.77m | eta: 11.0m
step 00068/00420 (16.19%) | loss: 6.075935 | lrm: 1.00 | dt: 1466.52ms | tok/sec: 89,375 | bf16_mfu: 0.00 | epoch: 1 pq: 0 rg: 18 | total time: 1.80m | eta: 10.9m
step 00069/00420 (16.43%) | loss: 6.053089 | lrm: 1.00 | dt: 1461.26ms | tok/sec: 89,697 | bf16_mfu: 0.00 | epoch: 1 pq: 0 rg: 19 | total time: 1.82m | eta: 10.8m
step 00070/00420 (16.67%) | loss: 6.051565 | lrm: 1.00 | dt: 1471.93ms | tok/sec: 89,047 | bf16_mfu: 0.00 | epoch: 1 pq: 0 rg: 19 | total time: 1.85m | eta: 10.8m
step 00071/00420 (16.90%) | loss: 6.053098 | lrm: 1.00 | dt: 1469.25ms | tok/sec: 89,210 | bf16_mfu: 0.00 | epoch: 1 pq: 0 rg: 19 | total time: 1.87m | eta: 10.7m
step 00072/00420 (17.14%) | loss: 6.042760 | lrm: 1.00 | dt: 1466.59ms | tok/sec: 89,372 | bf16_mfu: 0.00 | epoch: 1 pq: 0 rg: 19 | total time: 1.90m | eta: 10.6m
step 00073/00420 (17.38%) | loss: 6.034208 | lrm: 1.00 | dt: 1469.22ms | tok/sec: 89,211 | bf16_mfu: 0.00 | epoch: 1 pq: 0 rg: 20 | total time: 1.92m | eta: 10.6m
step 00074/00420 (17.62%) | loss: 6.007273 | lrm: 1.00 | dt: 1473.61ms | tok/sec: 88,946 | bf16_mfu: 0.00 | epoch: 1 pq: 0 rg: 20 | total time: 1.95m | eta: 10.5m
step 00075/00420 (17.86%) | loss: 6.003743 | lrm: 1.00 | dt: 1463.58ms | tok/sec: 89,555 | bf16_mfu: 0.00 | epoch: 1 pq: 0 rg: 20 | total time: 1.97m | eta: 10.5m
step 00076/00420 (18.10%) | loss: 5.987410 | lrm: 1.00 | dt: 1463.29ms | tok/sec: 89,573 | bf16_mfu: 0.00 | epoch: 1 pq: 0 rg: 20 | total time: 1.99m | eta: 10.4m
step 00077/00420 (18.33%) | loss: 5.966804 | lrm: 1.00 | dt: 1464.45ms | tok/sec: 89,502 | bf16_mfu: 0.00 | epoch: 1 pq: 0 rg: 21 | total time: 2.02m | eta: 10.3m
step 00078/00420 (18.57%) | loss: 5.963174 | lrm: 1.00 | dt: 1468.83ms | tok/sec: 89,235 | bf16_mfu: 0.00 | epoch: 1 pq: 0 rg: 21 | total time: 2.04m | eta: 10.3m
step 00079/00420 (18.81%) | loss: 5.957750 | lrm: 1.00 | dt: 1464.82ms | tok/sec: 89,479 | bf16_mfu: 0.00 | epoch: 1 pq: 0 rg: 21 | total time: 2.07m | eta: 10.2m
step 00080/00420 (19.05%) | loss: 5.949694 | lrm: 1.00 | dt: 1467.76ms | tok/sec: 89,300 | bf16_mfu: 0.00 | epoch: 1 pq: 0 rg: 21 | total time: 2.09m | eta: 10.2m
step 00081/00420 (19.29%) | loss: 5.937103 | lrm: 1.00 | dt: 1466.26ms | tok/sec: 89,392 | bf16_mfu: 0.00 | epoch: 1 pq: 0 rg: 22 | total time: 2.12m | eta: 10.1m
step 00082/00420 (19.52%) | loss: 5.920083 | lrm: 1.00 | dt: 1466.31ms | tok/sec: 89,389 | bf16_mfu: 0.00 | epoch: 1 pq: 0 rg: 22 | total time: 2.14m | eta: 10.1m
step 00083/00420 (19.76%) | loss: 5.899154 | lrm: 1.00 | dt: 1466.02ms | tok/sec: 89,406 | bf16_mfu: 0.00 | epoch: 1 pq: 0 rg: 22 | total time: 2.17m | eta: 10.0m
step 00084/00420 (20.00%) | loss: 5.882218 | lrm: 1.00 | dt: 1469.02ms | tok/sec: 89,224 | bf16_mfu: 0.00 | epoch: 1 pq: 0 rg: 23 | total time: 2.19m | eta: 9.9m
step 00085/00420 (20.24%) | loss: 5.874080 | lrm: 1.00 | dt: 1467.70ms | tok/sec: 89,304 | bf16_mfu: 0.00 | epoch: 1 pq: 0 rg: 23 | total time: 2.21m | eta: 9.9m
step 00086/00420 (20.48%) | loss: 5.857604 | lrm: 1.00 | dt: 1473.28ms | tok/sec: 88,965 | bf16_mfu: 0.00 | epoch: 1 pq: 0 rg: 23 | total time: 2.24m | eta: 9.8m
step 00087/00420 (20.71%) | loss: 5.839310 | lrm: 1.00 | dt: 1486.14ms | tok/sec: 88,196 | bf16_mfu: 0.00 | epoch: 1 pq: 0 rg: 23 | total time: 2.26m | eta: 9.8m
step 00088/00420 (20.95%) | loss: 5.832993 | lrm: 1.00 | dt: 1477.49ms | tok/sec: 88,712 | bf16_mfu: 0.00 | epoch: 1 pq: 0 rg: 24 | total time: 2.29m | eta: 9.7m
step 00089/00420 (21.19%) | loss: 5.822469 | lrm: 1.00 | dt: 1500.21ms | tok/sec: 87,368 | bf16_mfu: 0.00 | epoch: 1 pq: 0 rg: 24 | total time: 2.31m | eta: 9.7m
step 00090/00420 (21.43%) | loss: 5.820382 | lrm: 1.00 | dt: 1493.75ms | tok/sec: 87,747 | bf16_mfu: 0.00 | epoch: 1 pq: 0 rg: 24 | total time: 2.34m | eta: 9.6m
step 00091/00420 (21.67%) | loss: 5.800115 | lrm: 1.00 | dt: 1469.66ms | tok/sec: 89,185 | bf16_mfu: 0.00 | epoch: 1 pq: 0 rg: 24 | total time: 2.36m | eta: 9.6m
step 00092/00420 (21.90%) | loss: 5.796425 | lrm: 1.00 | dt: 1469.56ms | tok/sec: 89,191 | bf16_mfu: 0.00 | epoch: 1 pq: 0 rg: 25 | total time: 2.39m | eta: 9.5m
step 00093/00420 (22.14%) | loss: 5.782810 | lrm: 1.00 | dt: 1908.84ms | tok/sec: 68,665 | bf16_mfu: 0.00 | epoch: 1 pq: 0 rg: 25 | total time: 2.42m | eta: 9.5m
step 00094/00420 (22.38%) | loss: 5.772093 | lrm: 1.00 | dt: 2060.21ms | tok/sec: 63,620 | bf16_mfu: 0.00 | epoch: 1 pq: 0 rg: 25 | total time: 2.45m | eta: 9.5m
step 00095/00420 (22.62%) | loss: 5.760245 | lrm: 1.00 | dt: 1739.89ms | tok/sec: 75,333 | bf16_mfu: 0.00 | epoch: 1 pq: 0 rg: 25 | total time: 2.48m | eta: 9.5m
step 00096/00420 (22.86%) | loss: 5.741366 | lrm: 1.00 | dt: 1785.76ms | tok/sec: 73,398 | bf16_mfu: 0.00 | epoch: 1 pq: 0 rg: 26 | total time: 2.51m | eta: 9.5m
step 00097/00420 (23.10%) | loss: 5.731809 | lrm: 1.00 | dt: 1949.94ms | tok/sec: 67,218 | bf16_mfu: 0.00 | epoch: 1 pq: 0 rg: 26 | total time: 2.54m | eta: 9.4m
step 00098/00420 (23.33%) | loss: 5.704983 | lrm: 1.00 | dt: 1691.48ms | tok/sec: 77,489 | bf16_mfu: 0.00 | epoch: 1 pq: 0 rg: 26 | total time: 2.57m | eta: 9.4m
step 00099/00420 (23.57%) | loss: 5.690499 | lrm: 1.00 | dt: 1656.10ms | tok/sec: 79,144 | bf16_mfu: 0.00 | epoch: 1 pq: 0 rg: 27 | total time: 2.60m | eta: 9.4m
Step 00100 | Validation bpb: 1.681417
<|bos|>The capital of France is a great way to achieve a variety of factors that can be used to create a
<|bos|>The chemical symbol of gold is a great way to create a variety of types of materials and materials and materials and
<|bos|>If yesterday was Friday, then tomorrow will be a few days of the year, the year, the year, the year,
<|bos|>The opposite of hot is a few minutes of the time to time to time, time, time, time
<|bos|>The planets of the solar system are: The most of the most of the most of the most of the most of the
<|bos|>My favorite color is a few minutes, and the color of color of color, color, color,
<|bos|>If 5*x + 3 = 13, then x is 2.5.5.5.5.5.5.5
step 00100/00420 (23.81%) | loss: 5.676491 | lrm: 1.00 | dt: 2069.49ms | tok/sec: 63,335 | bf16_mfu: 0.00 | epoch: 1 pq: 0 rg: 27 | total time: 2.63m | eta: 9.4m
step 00101/00420 (24.05%) | loss: 5.670652 | lrm: 1.00 | dt: 1555.24ms | tok/sec: 84,277 | bf16_mfu: 0.00 | epoch: 1 pq: 0 rg: 27 | total time: 2.66m | eta: 9.3m
step 00102/00420 (24.29%) | loss: 5.657989 | lrm: 1.00 | dt: 1565.08ms | tok/sec: 83,747 | bf16_mfu: 0.00 | epoch: 1 pq: 0 rg: 27 | total time: 2.69m | eta: 9.3m
step 00103/00420 (24.52%) | loss: 5.649271 | lrm: 1.00 | dt: 1537.66ms | tok/sec: 85,240 | bf16_mfu: 0.00 | epoch: 1 pq: 0 rg: 28 | total time: 2.71m | eta: 9.2m
step 00104/00420 (24.76%) | loss: 5.638508 | lrm: 1.00 | dt: 1525.30ms | tok/sec: 85,932 | bf16_mfu: 0.00 | epoch: 1 pq: 0 rg: 28 | total time: 2.74m | eta: 9.2m
step 00105/00420 (25.00%) | loss: 5.622316 | lrm: 1.00 | dt: 1582.54ms | tok/sec: 82,823 | bf16_mfu: 0.00 | epoch: 1 pq: 0 rg: 28 | total time: 2.76m | eta: 9.2m
step 00106/00420 (25.24%) | loss: 5.603961 | lrm: 1.00 | dt: 1557.84ms | tok/sec: 84,137 | bf16_mfu: 0.00 | epoch: 1 pq: 0 rg: 28 | total time: 2.79m | eta: 9.1m
step 00107/00420 (25.48%) | loss: 5.593259 | lrm: 1.00 | dt: 1502.54ms | tok/sec: 87,233 | bf16_mfu: 0.00 | epoch: 1 pq: 0 rg: 29 | total time: 2.82m | eta: 9.1m
step 00108/00420 (25.71%) | loss: 5.585281 | lrm: 1.00 | dt: 1526.01ms | tok/sec: 85,892 | bf16_mfu: 0.00 | epoch: 1 pq: 0 rg: 29 | total time: 2.84m | eta: 9.0m
step 00109/00420 (25.95%) | loss: 5.581723 | lrm: 1.00 | dt: 1538.75ms | tok/sec: 85,181 | bf16_mfu: 0.00 | epoch: 1 pq: 0 rg: 29 | total time: 2.87m | eta: 9.0m
step 00110/00420 (26.19%) | loss: 5.572990 | lrm: 1.00 | dt: 1544.29ms | tok/sec: 84,875 | bf16_mfu: 0.00 | epoch: 1 pq: 0 rg: 30 | total time: 2.89m | eta: 9.0m
step 00111/00420 (26.43%) | loss: 5.548960 | lrm: 1.00 | dt: 1557.47ms | tok/sec: 84,157 | bf16_mfu: 0.00 | epoch: 1 pq: 0 rg: 30 | total time: 2.92m | eta: 8.9m
step 00112/00420 (26.67%) | loss: 5.531139 | lrm: 1.00 | dt: 1577.55ms | tok/sec: 83,085 | bf16_mfu: 0.00 | epoch: 1 pq: 0 rg: 30 | total time: 2.94m | eta: 8.9m
step 00113/00420 (26.90%) | loss: 5.519870 | lrm: 1.00 | dt: 1545.56ms | tok/sec: 84,805 | bf16_mfu: 0.00 | epoch: 1 pq: 0 rg: 30 | total time: 2.97m | eta: 8.9m
step 00114/00420 (27.14%) | loss: 5.502748 | lrm: 1.00 | dt: 1581.08ms | tok/sec: 82,900 | bf16_mfu: 0.00 | epoch: 1 pq: 0 rg: 31 | total time: 3.00m | eta: 8.8m
step 00115/00420 (27.38%) | loss: 5.501279 | lrm: 1.00 | dt: 1548.99ms | tok/sec: 84,617 | bf16_mfu: 0.00 | epoch: 1 pq: 0 rg: 31 | total time: 3.02m | eta: 8.8m
step 00116/00420 (27.62%) | loss: 5.492014 | lrm: 1.00 | dt: 1552.57ms | tok/sec: 84,422 | bf16_mfu: 0.00 | epoch: 1 pq: 0 rg: 31 | total time: 3.05m | eta: 8.7m
step 00117/00420 (27.86%) | loss: 5.492793 | lrm: 1.00 | dt: 1569.49ms | tok/sec: 83,512 | bf16_mfu: 0.00 | epoch: 1 pq: 0 rg: 31 | total time: 3.07m | eta: 8.7m
step 00118/00420 (28.10%) | loss: 5.482113 | lrm: 1.00 | dt: 1568.20ms | tok/sec: 83,580 | bf16_mfu: 0.00 | epoch: 1 pq: 0 rg: 32 | total time: 3.10m | eta: 8.7m
step 00119/00420 (28.33%) | loss: 5.479760 | lrm: 1.00 | dt: 1579.44ms | tok/sec: 82,986 | bf16_mfu: 0.00 | epoch: 1 pq: 0 rg: 32 | total time: 3.13m | eta: 8.6m
step 00120/00420 (28.57%) | loss: 5.466331 | lrm: 1.00 | dt: 1561.13ms | tok/sec: 83,959 | bf16_mfu: 0.00 | epoch: 1 pq: 0 rg: 32 | total time: 3.15m | eta: 8.6m
step 00121/00420 (28.81%) | loss: 5.465557 | lrm: 1.00 | dt: 1579.87ms | tok/sec: 82,963 | bf16_mfu: 0.00 | epoch: 1 pq: 0 rg: 32 | total time: 3.18m | eta: 8.6m
step 00122/00420 (29.05%) | loss: 5.458969 | lrm: 1.00 | dt: 1538.46ms | tok/sec: 85,197 | bf16_mfu: 0.00 | epoch: 1 pq: 0 rg: 33 | total time: 3.20m | eta: 8.5m
step 00123/00420 (29.29%) | loss: 5.445437 | lrm: 1.00 | dt: 1573.20ms | tok/sec: 83,315 | bf16_mfu: 0.00 | epoch: 1 pq: 0 rg: 33 | total time: 3.23m | eta: 8.5m
step 00124/00420 (29.52%) | loss: 5.435974 | lrm: 1.00 | dt: 1560.82ms | tok/sec: 83,976 | bf16_mfu: 0.00 | epoch: 1 pq: 0 rg: 33 | total time: 3.26m | eta: 8.5m
step 00125/00420 (29.76%) | loss: 5.423287 | lrm: 1.00 | dt: 1571.42ms | tok/sec: 83,410 | bf16_mfu: 0.00 | epoch: 1 pq: 0 rg: 33 | total time: 3.28m | eta: 8.4m
step 00126/00420 (30.00%) | loss: 5.405547 | lrm: 1.00 | dt: 1542.23ms | tok/sec: 84,988 | bf16_mfu: 0.00 | epoch: 1 pq: 0 rg: 34 | total time: 3.31m | eta: 8.4m
step 00127/00420 (30.24%) | loss: 5.404041 | lrm: 1.00 | dt: 1564.25ms | tok/sec: 83,792 | bf16_mfu: 0.00 | epoch: 1 pq: 0 rg: 34 | total time: 3.33m | eta: 8.4m
step 00128/00420 (30.48%) | loss: 5.392948 | lrm: 1.00 | dt: 1571.01ms | tok/sec: 83,431 | bf16_mfu: 0.00 | epoch: 1 pq: 0 rg: 34 | total time: 3.36m | eta: 8.3m
step 00129/00420 (30.71%) | loss: 5.379657 | lrm: 1.00 | dt: 1567.03ms | tok/sec: 83,643 | bf16_mfu: 0.00 | epoch: 1 pq: 0 rg: 34 | total time: 3.39m | eta: 8.3m
step 00130/00420 (30.95%) | loss: 5.365391 | lrm: 1.00 | dt: 1577.33ms | tok/sec: 83,097 | bf16_mfu: 0.00 | epoch: 1 pq: 0 rg: 34 | total time: 3.41m | eta: 8.2m
step 00131/00420 (31.19%) | loss: 5.357142 | lrm: 1.00 | dt: 1559.06ms | tok/sec: 84,071 | bf16_mfu: 0.00 | epoch: 1 pq: 0 rg: 35 | total time: 3.44m | eta: 8.2m
step 00132/00420 (31.43%) | loss: 5.358559 | lrm: 1.00 | dt: 1569.45ms | tok/sec: 83,514 | bf16_mfu: 0.00 | epoch: 1 pq: 0 rg: 35 | total time: 3.47m | eta: 8.2m
step 00133/00420 (31.67%) | loss: 5.348017 | lrm: 1.00 | dt: 1582.64ms | tok/sec: 82,818 | bf16_mfu: 0.00 | epoch: 1 pq: 0 rg: 35 | total time: 3.49m | eta: 8.1m
step 00134/00420 (31.90%) | loss: 5.331813 | lrm: 1.00 | dt: 1578.67ms | tok/sec: 83,026 | bf16_mfu: 0.00 | epoch: 1 pq: 0 rg: 35 | total time: 3.52m | eta: 8.1m
step 00135/00420 (32.14%) | loss: 5.330031 | lrm: 1.00 | dt: 1556.97ms | tok/sec: 84,184 | bf16_mfu: 0.00 | epoch: 1 pq: 0 rg: 36 | total time: 3.54m | eta: 8.1m
step 00136/00420 (32.38%) | loss: 5.332427 | lrm: 1.00 | dt: 1558.36ms | tok/sec: 84,109 | bf16_mfu: 0.00 | epoch: 1 pq: 0 rg: 36 | total time: 3.57m | eta: 8.0m
step 00137/00420 (32.62%) | loss: 5.321059 | lrm: 1.00 | dt: 1592.62ms | tok/sec: 82,299 | bf16_mfu: 0.00 | epoch: 1 pq: 0 rg: 36 | total time: 3.60m | eta: 8.0m
step 00138/00420 (32.86%) | loss: 5.318030 | lrm: 1.00 | dt: 1591.28ms | tok/sec: 82,368 | bf16_mfu: 0.00 | epoch: 1 pq: 0 rg: 36 | total time: 3.62m | eta: 8.0m
step 00139/00420 (33.10%) | loss: 5.307305 | lrm: 1.00 | dt: 1572.62ms | tok/sec: 83,346 | bf16_mfu: 0.00 | epoch: 1 pq: 0 rg: 37 | total time: 3.65m | eta: 7.9m
step 00140/00420 (33.33%) | loss: 5.291063 | lrm: 1.00 | dt: 1606.20ms | tok/sec: 81,603 | bf16_mfu: 0.00 | epoch: 1 pq: 0 rg: 37 | total time: 3.68m | eta: 7.9m
step 00141/00420 (33.57%) | loss: 5.286107 | lrm: 1.00 | dt: 1580.44ms | tok/sec: 82,933 | bf16_mfu: 0.00 | epoch: 1 pq: 0 rg: 37 | total time: 3.70m | eta: 7.9m
step 00142/00420 (33.81%) | loss: 5.283573 | lrm: 1.00 | dt: 1589.78ms | tok/sec: 82,446 | bf16_mfu: 0.00 | epoch: 1 pq: 0 rg: 37 | total time: 3.73m | eta: 7.9m
step 00143/00420 (34.05%) | loss: 5.270899 | lrm: 1.00 | dt: 1579.07ms | tok/sec: 83,005 | bf16_mfu: 0.00 | epoch: 1 pq: 0 rg: 38 | total time: 3.76m | eta: 7.8m
step 00144/00420 (34.29%) | loss: 5.265371 | lrm: 1.00 | dt: 1558.40ms | tok/sec: 84,106 | bf16_mfu: 0.00 | epoch: 1 pq: 0 rg: 38 | total time: 3.78m | eta: 7.8m
step 00145/00420 (34.52%) | loss: 5.258948 | lrm: 1.00 | dt: 1576.77ms | tok/sec: 83,126 | bf16_mfu: 0.00 | epoch: 1 pq: 0 rg: 38 | total time: 3.81m | eta: 7.8m
step 00146/00420 (34.76%) | loss: 5.258191 | lrm: 1.00 | dt: 1570.61ms | tok/sec: 83,452 | bf16_mfu: 0.00 | epoch: 1 pq: 0 rg: 38 | total time: 3.83m | eta: 7.7m
step 00147/00420 (35.00%) | loss: 5.254454 | lrm: 1.00 | dt: 1552.51ms | tok/sec: 84,425 | bf16_mfu: 0.00 | epoch: 1 pq: 0 rg: 39 | total time: 3.86m | eta: 7.7m
step 00148/00420 (35.24%) | loss: 5.243922 | lrm: 1.00 | dt: 1580.38ms | tok/sec: 82,937 | bf16_mfu: 0.00 | epoch: 1 pq: 0 rg: 39 | total time: 3.89m | eta: 7.7m
step 00149/00420 (35.48%) | loss: 5.249071 | lrm: 0.99 | dt: 1573.33ms | tok/sec: 83,308 | bf16_mfu: 0.00 | epoch: 1 pq: 0 rg: 39 | total time: 3.91m | eta: 7.6m
Step 00150 | Validation bpb: 1.565201
step 00150/00420 (35.71%) | loss: 5.240497 | lrm: 0.99 | dt: 1569.41ms | tok/sec: 83,516 | bf16_mfu: 0.00 | epoch: 1 pq: 0 rg: 39 | total time: 3.94m | eta: 7.6m
step 00151/00420 (35.95%) | loss: 5.225092 | lrm: 0.99 | dt: 1574.96ms | tok/sec: 83,222 | bf16_mfu: 0.00 | epoch: 1 pq: 0 rg: 40 | total time: 3.96m | eta: 7.6m
step 00152/00420 (36.19%) | loss: 5.235162 | lrm: 0.98 | dt: 1550.69ms | tok/sec: 84,524 | bf16_mfu: 0.00 | epoch: 1 pq: 0 rg: 40 | total time: 3.99m | eta: 7.5m
step 00153/00420 (36.43%) | loss: 5.230818 | lrm: 0.98 | dt: 1571.44ms | tok/sec: 83,408 | bf16_mfu: 0.00 | epoch: 1 pq: 0 rg: 40 | total time: 4.02m | eta: 7.5m
step 00154/00420 (36.67%) | loss: 5.231328 | lrm: 0.98 | dt: 1554.29ms | tok/sec: 84,329 | bf16_mfu: 0.00 | epoch: 1 pq: 0 rg: 40 | total time: 4.04m | eta: 7.5m
step 00155/00420 (36.90%) | loss: 5.230361 | lrm: 0.97 | dt: 1554.66ms | tok/sec: 84,309 | bf16_mfu: 0.00 | epoch: 1 pq: 0 rg: 41 | total time: 4.07m | eta: 7.4m
step 00156/00420 (37.14%) | loss: 5.228944 | lrm: 0.97 | dt: 1567.88ms | tok/sec: 83,598 | bf16_mfu: 0.00 | epoch: 1 pq: 0 rg: 41 | total time: 4.09m | eta: 7.4m
step 00157/00420 (37.38%) | loss: 5.219393 | lrm: 0.97 | dt: 1576.32ms | tok/sec: 83,150 | bf16_mfu: 0.00 | epoch: 1 pq: 0 rg: 41 | total time: 4.12m | eta: 7.4m
step 00158/00420 (37.62%) | loss: 5.222370 | lrm: 0.96 | dt: 1601.23ms | tok/sec: 81,856 | bf16_mfu: 0.00 | epoch: 1 pq: 0 rg: 41 | total time: 4.15m | eta: 7.3m
step 00159/00420 (37.86%) | loss: 5.214394 | lrm: 0.96 | dt: 1553.28ms | tok/sec: 84,383 | bf16_mfu: 0.00 | epoch: 1 pq: 0 rg: 42 | total time: 4.17m | eta: 7.3m
step 00160/00420 (38.10%) | loss: 5.204307 | lrm: 0.95 | dt: 1560.70ms | tok/sec: 83,982 | bf16_mfu: 0.00 | epoch: 1 pq: 0 rg: 42 | total time: 4.20m | eta: 7.3m
step 00161/00420 (38.33%) | loss: 5.196323 | lrm: 0.95 | dt: 1564.97ms | tok/sec: 83,753 | bf16_mfu: 0.00 | epoch: 1 pq: 0 rg: 42 | total time: 4.23m | eta: 7.2m
step 00162/00420 (38.57%) | loss: 5.191286 | lrm: 0.95 | dt: 1575.59ms | tok/sec: 83,189 | bf16_mfu: 0.00 | epoch: 1 pq: 0 rg: 42 | total time: 4.25m | eta: 7.2m
step 00163/00420 (38.81%) | loss: 5.183184 | lrm: 0.94 | dt: 1558.87ms | tok/sec: 84,081 | bf16_mfu: 0.00 | epoch: 1 pq: 0 rg: 43 | total time: 4.28m | eta: 7.2m
step 00164/00420 (39.05%) | loss: 5.171034 | lrm: 0.94 | dt: 1569.89ms | tok/sec: 83,491 | bf16_mfu: 0.00 | epoch: 1 pq: 0 rg: 43 | total time: 4.30m | eta: 7.2m
step 00165/00420 (39.29%) | loss: 5.154625 | lrm: 0.94 | dt: 1580.66ms | tok/sec: 82,922 | bf16_mfu: 0.00 | epoch: 1 pq: 0 rg: 43 | total time: 4.33m | eta: 7.1m
step 00166/00420 (39.52%) | loss: 5.143803 | lrm: 0.93 | dt: 1569.00ms | tok/sec: 83,538 | bf16_mfu: 0.00 | epoch: 1 pq: 0 rg: 43 | total time: 4.36m | eta: 7.1m
step 00167/00420 (39.76%) | loss: 5.138049 | lrm: 0.93 | dt: 1565.56ms | tok/sec: 83,722 | bf16_mfu: 0.00 | epoch: 1 pq: 0 rg: 43 | total time: 4.38m | eta: 7.1m
step 00168/00420 (40.00%) | loss: 5.132927 | lrm: 0.93 | dt: 1565.03ms | tok/sec: 83,750 | bf16_mfu: 0.00 | epoch: 1 pq: 0 rg: 44 | total time: 4.41m | eta: 7.0m
step 00169/00420 (40.24%) | loss: 5.140496 | lrm: 0.92 | dt: 1571.48ms | tok/sec: 83,406 | bf16_mfu: 0.00 | epoch: 1 pq: 0 rg: 44 | total time: 4.43m | eta: 7.0m
step 00170/00420 (40.48%) | loss: 5.133302 | lrm: 0.92 | dt: 1569.50ms | tok/sec: 83,511 | bf16_mfu: 0.00 | epoch: 1 pq: 0 rg: 44 | total time: 4.46m | eta: 7.0m
step 00171/00420 (40.71%) | loss: 5.135527 | lrm: 0.92 | dt: 1561.12ms | tok/sec: 83,960 | bf16_mfu: 0.00 | epoch: 1 pq: 0 rg: 44 | total time: 4.49m | eta: 6.9m
step 00172/00420 (40.95%) | loss: 5.123199 | lrm: 0.91 | dt: 1571.36ms | tok/sec: 83,413 | bf16_mfu: 0.00 | epoch: 1 pq: 0 rg: 45 | total time: 4.51m | eta: 6.9m
step 00173/00420 (41.19%) | loss: 5.118145 | lrm: 0.91 | dt: 1572.96ms | tok/sec: 83,328 | bf16_mfu: 0.00 | epoch: 1 pq: 0 rg: 45 | total time: 4.54m | eta: 6.9m
step 00174/00420 (41.43%) | loss: 5.105179 | lrm: 0.91 | dt: 1593.47ms | tok/sec: 82,255 | bf16_mfu: 0.00 | epoch: 1 pq: 0 rg: 45 | total time: 4.57m | eta: 6.8m
step 00175/00420 (41.67%) | loss: 5.104918 | lrm: 0.90 | dt: 1592.13ms | tok/sec: 82,324 | bf16_mfu: 0.00 | epoch: 1 pq: 0 rg: 45 | total time: 4.59m | eta: 6.8m
step 00176/00420 (41.90%) | loss: 5.089779 | lrm: 0.90 | dt: 1583.14ms | tok/sec: 82,792 | bf16_mfu: 0.00 | epoch: 1 pq: 0 rg: 46 | total time: 4.62m | eta: 6.8m
step 00177/00420 (42.14%) | loss: 5.088097 | lrm: 0.90 | dt: 1567.54ms | tok/sec: 83,616 | bf16_mfu: 0.00 | epoch: 1 pq: 0 rg: 46 | total time: 4.65m | eta: 6.8m
step 00178/00420 (42.38%) | loss: 5.075194 | lrm: 0.89 | dt: 1572.30ms | tok/sec: 83,363 | bf16_mfu: 0.00 | epoch: 1 pq: 0 rg: 46 | total time: 4.67m | eta: 6.7m
2026-09-16 10:56:53,927 - nanochat.checkpoint_manager - [32m[1mINFO[0m - Saved model parameters to: /Users/mayureshkhalane/.cache/nanochat/base_checkpoints/d2/model_000250.pt
2026-09-16 10:56:53,928 - nanochat.checkpoint_manager - [32m[1mINFO[0m - Saved metadata to: /Users/mayureshkhalane/.cache/nanochat/base_checkpoints/d2/meta_000250.json
2026-09-16 10:56:54,195 - nanochat.checkpoint_manager - [32m[1mINFO[0m - Saved optimizer state to: /Users/mayureshkhalane/.cache/nanochat/base_checkpoints/d2/optim_000250_rank0.pt
step 00179/00420 (42.62%) | loss: 5.062675 | lrm: 0.89 | dt: 1591.83ms | tok/sec: 82,340 | bf16_mfu: 0.00 | epoch: 1 pq: 0 rg: 46 | total time: 4.70m | eta: 6.7m
step 00180/00420 (42.86%) | loss: 5.046864 | lrm: 0.89 | dt: 1550.82ms | tok/sec: 84,518 | bf16_mfu: 0.00 | epoch: 1 pq: 0 rg: 47 | total time: 4.72m | eta: 6.7m
step 00181/00420 (43.10%) | loss: 5.062149 | lrm: 0.88 | dt: 1590.13ms | tok/sec: 82,428 | bf16_mfu: 0.00 | epoch: 1 pq: 0 rg: 47 | total time: 4.75m | eta: 6.6m
step 00182/00420 (43.33%) | loss: 5.056839 | lrm: 0.88 | dt: 1558.19ms | tok/sec: 84,118 | bf16_mfu: 0.00 | epoch: 1 pq: 0 rg: 47 | total time: 4.78m | eta: 6.6m
step 00183/00420 (43.57%) | loss: 5.045585 | lrm: 0.87 | dt: 1569.65ms | tok/sec: 83,504 | bf16_mfu: 0.00 | epoch: 1 pq: 0 rg: 47 | total time: 4.80m | eta: 6.6m
step 00184/00420 (43.81%) | loss: 5.040242 | lrm: 0.87 | dt: 1577.53ms | tok/sec: 83,087 | bf16_mfu: 0.00 | epoch: 1 pq: 0 rg: 48 | total time: 4.83m | eta: 6.5m
step 00185/00420 (44.05%) | loss: 5.040634 | lrm: 0.87 | dt: 1588.50ms | tok/sec: 82,512 | bf16_mfu: 0.00 | epoch: 1 pq: 0 rg: 48 | total time: 4.86m | eta: 6.5m
step 00186/00420 (44.29%) | loss: 5.044371 | lrm: 0.86 | dt: 1590.40ms | tok/sec: 82,414 | bf16_mfu: 0.00 | epoch: 1 pq: 0 rg: 48 | total time: 4.88m | eta: 6.5m
step 00187/00420 (44.52%) | loss: 5.044066 | lrm: 0.86 | dt: 1570.51ms | tok/sec: 83,458 | bf16_mfu: 0.00 | epoch: 1 pq: 0 rg: 48 | total time: 4.91m | eta: 6.5m
step 00188/00420 (44.76%) | loss: 5.047285 | lrm: 0.86 | dt: 1580.97ms | tok/sec: 82,905 | bf16_mfu: 0.00 | epoch: 1 pq: 0 rg: 48 | total time: 4.93m | eta: 6.4m
step 00189/00420 (45.00%) | loss: 5.038329 | lrm: 0.85 | dt: 1564.65ms | tok/sec: 83,771 | bf16_mfu: 0.00 | epoch: 1 pq: 0 rg: 49 | total time: 4.96m | eta: 6.4m
step 00190/00420 (45.24%) | loss: 5.037618 | lrm: 0.85 | dt: 1569.74ms | tok/sec: 83,499 | bf16_mfu: 0.00 | epoch: 1 pq: 0 rg: 49 | total time: 4.99m | eta: 6.4m
step 00191/00420 (45.48%) | loss: 5.038022 | lrm: 0.85 | dt: 1584.47ms | tok/sec: 82,722 | bf16_mfu: 0.00 | epoch: 1 pq: 0 rg: 49 | total time: 5.01m | eta: 6.3m
step 00192/00420 (45.71%) | loss: 5.047219 | lrm: 0.84 | dt: 1576.06ms | tok/sec: 83,164 | bf16_mfu: 0.00 | epoch: 1 pq: 0 rg: 49 | total time: 5.04m | eta: 6.3m
step 00193/00420 (45.95%) | loss: 5.037041 | lrm: 0.84 | dt: 1591.62ms | tok/sec: 82,351 | bf16_mfu: 0.00 | epoch: 1 pq: 0 rg: 50 | total time: 5.07m | eta: 6.3m
step 00194/00420 (46.19%) | loss: 5.032543 | lrm: 0.84 | dt: 1571.87ms | tok/sec: 83,385 | bf16_mfu: 0.00 | epoch: 1 pq: 0 rg: 50 | total time: 5.09m | eta: 6.3m
step 00195/00420 (46.43%) | loss: 5.029189 | lrm: 0.83 | dt: 1584.53ms | tok/sec: 82,719 | bf16_mfu: 0.00 | epoch: 1 pq: 0 rg: 50 | total time: 5.12m | eta: 6.2m
step 00196/00420 (46.67%) | loss: 5.019856 | lrm: 0.83 | dt: 1578.20ms | tok/sec: 83,051 | bf16_mfu: 0.00 | epoch: 1 pq: 0 rg: 50 | total time: 5.14m | eta: 6.2m
step 00197/00420 (46.90%) | loss: 5.017158 | lrm: 0.83 | dt: 1583.65ms | tok/sec: 82,765 | bf16_mfu: 0.00 | epoch: 1 pq: 0 rg: 51 | total time: 5.17m | eta: 6.2m
step 00198/00420 (47.14%) | loss: 5.018827 | lrm: 0.82 | dt: 1582.70ms | tok/sec: 82,815 | bf16_mfu: 0.00 | epoch: 1 pq: 0 rg: 51 | total time: 5.20m | eta: 6.1m
step 00199/00420 (47.38%) | loss: 5.019753 | lrm: 0.82 | dt: 1576.03ms | tok/sec: 83,165 | bf16_mfu: 0.00 | epoch: 1 pq: 0 rg: 51 | total time: 5.22m | eta: 6.1m
Step 00200 | Validation bpb: 1.489839
<|bos|>The capital of France is a great way to make a great way to make a great way to make a
<|bos|>The chemical symbol of gold is a gold and gold. The gold is gold and gold gold gold gold gold gold
<|bos|>If yesterday was Friday, then tomorrow will be the first step in the first step in the first step in the first step in
<|bos|>The opposite of hot is a great way to make sure that you have a lot of people who are not
<|bos|>The planets of the solar system are: The solar system that is the solar system that is the solar system. The solar
<|bos|>My favorite color is a color that is a color that color is a color that color is color.
<|bos|>If 5*x + 3 = 13, then x is 2.2.2.2.2.2.2.2
step 00200/00420 (47.62%) | loss: 5.008947 | lrm: 0.82 | dt: 1649.06ms | tok/sec: 79,482 | bf16_mfu: 0.00 | epoch: 1 pq: 0 rg: 51 | total time: 5.25m | eta: 6.1m
step 00201/00420 (47.86%) | loss: 5.010301 | lrm: 0.81 | dt: 1544.50ms | tok/sec: 84,863 | bf16_mfu: 0.00 | epoch: 1 pq: 0 rg: 52 | total time: 5.28m | eta: 6.1m
step 00202/00420 (48.10%) | loss: 5.021150 | lrm: 0.81 | dt: 1586.78ms | tok/sec: 82,602 | bf16_mfu: 0.00 | epoch: 1 pq: 0 rg: 52 | total time: 5.30m | eta: 6.0m
step 00203/00420 (48.33%) | loss: 5.007345 | lrm: 0.81 | dt: 1580.12ms | tok/sec: 82,950 | bf16_mfu: 0.00 | epoch: 1 pq: 0 rg: 52 | total time: 5.33m | eta: 6.0m
step 00204/00420 (48.57%) | loss: 4.990613 | lrm: 0.80 | dt: 1612.55ms | tok/sec: 81,282 | bf16_mfu: 0.00 | epoch: 1 pq: 0 rg: 52 | total time: 5.36m | eta: 6.0m
step 00205/00420 (48.81%) | loss: 4.981236 | lrm: 0.80 | dt: 1564.64ms | tok/sec: 83,771 | bf16_mfu: 0.00 | epoch: 1 pq: 0 rg: 53 | total time: 5.38m | eta: 5.9m
step 00206/00420 (49.05%) | loss: 4.967105 | lrm: 0.79 | dt: 1581.74ms | tok/sec: 82,865 | bf16_mfu: 0.00 | epoch: 1 pq: 0 rg: 53 | total time: 5.41m | eta: 5.9m
step 00207/00420 (49.29%) | loss: 4.961635 | lrm: 0.79 | dt: 1569.12ms | tok/sec: 83,532 | bf16_mfu: 0.00 | epoch: 1 pq: 0 rg: 53 | total time: 5.44m | eta: 5.9m
step 00208/00420 (49.52%) | loss: 4.959981 | lrm: 0.79 | dt: 1578.94ms | tok/sec: 83,012 | bf16_mfu: 0.00 | epoch: 1 pq: 0 rg: 53 | total time: 5.46m | eta: 5.8m
step 00209/00420 (49.76%) | loss: 4.957586 | lrm: 0.78 | dt: 1562.64ms | tok/sec: 83,878 | bf16_mfu: 0.00 | epoch: 1 pq: 0 rg: 54 | total time: 5.49m | eta: 5.8m
step 00210/00420 (50.00%) | loss: 4.949994 | lrm: 0.78 | dt: 1598.23ms | tok/sec: 82,010 | bf16_mfu: 0.00 | epoch: 1 pq: 0 rg: 54 | total time: 5.51m | eta: 5.8m
step 00211/00420 (50.24%) | loss: 4.945450 | lrm: 0.78 | dt: 1549.55ms | tok/sec: 84,587 | bf16_mfu: 0.00 | epoch: 1 pq: 0 rg: 54 | total time: 5.54m | eta: 5.8m
step 00212/00420 (50.48%) | loss: 4.945722 | lrm: 0.77 | dt: 1590.78ms | tok/sec: 82,395 | bf16_mfu: 0.00 | epoch: 1 pq: 0 rg: 54 | total time: 5.57m | eta: 5.7m
step 00213/00420 (50.71%) | loss: 4.944495 | lrm: 0.77 | dt: 1532.99ms | tok/sec: 85,501 | bf16_mfu: 0.00 | epoch: 1 pq: 0 rg: 55 | total time: 5.59m | eta: 5.7m
step 00214/00420 (50.95%) | loss: 4.940418 | lrm: 0.77 | dt: 1574.08ms | tok/sec: 83,269 | bf16_mfu: 0.00 | epoch: 1 pq: 0 rg: 55 | total time: 5.62m | eta: 5.7m
step 00215/00420 (51.19%) | loss: 4.932902 | lrm: 0.76 | dt: 1598.87ms | tok/sec: 81,978 | bf16_mfu: 0.00 | epoch: 1 pq: 0 rg: 55 | total time: 5.64m | eta: 5.6m
step 00216/00420 (51.43%) | loss: 4.915753 | lrm: 0.76 | dt: 1572.45ms | tok/sec: 83,355 | bf16_mfu: 0.00 | epoch: 1 pq: 0 rg: 55 | total time: 5.67m | eta: 5.6m
step 00217/00420 (51.67%) | loss: 4.901559 | lrm: 0.76 | dt: 1586.34ms | tok/sec: 82,625 | bf16_mfu: 0.00 | epoch: 1 pq: 0 rg: 56 | total time: 5.70m | eta: 5.6m
step 00218/00420 (51.90%) | loss: 4.897359 | lrm: 0.75 | dt: 1575.55ms | tok/sec: 83,191 | bf16_mfu: 0.00 | epoch: 1 pq: 0 rg: 56 | total time: 5.72m | eta: 5.6m
step 00219/00420 (52.14%) | loss: 4.904650 | lrm: 0.75 | dt: 1572.71ms | tok/sec: 83,341 | bf16_mfu: 0.00 | epoch: 1 pq: 0 rg: 56 | total time: 5.75m | eta: 5.5m
step 00220/00420 (52.38%) | loss: 4.884818 | lrm: 0.75 | dt: 1556.55ms | tok/sec: 84,206 | bf16_mfu: 0.00 | epoch: 1 pq: 0 rg: 56 | total time: 5.78m | eta: 5.5m
step 00221/00420 (52.62%) | loss: 4.881322 | lrm: 0.74 | dt: 1571.39ms | tok/sec: 83,411 | bf16_mfu: 0.00 | epoch: 1 pq: 0 rg: 57 | total time: 5.80m | eta: 5.5m
step 00222/00420 (52.86%) | loss: 4.875901 | lrm: 0.74 | dt: 1604.68ms | tok/sec: 81,680 | bf16_mfu: 0.00 | epoch: 1 pq: 0 rg: 57 | total time: 5.83m | eta: 5.4m
step 00223/00420 (53.10%) | loss: 4.880864 | lrm: 0.74 | dt: 1583.16ms | tok/sec: 82,791 | bf16_mfu: 0.00 | epoch: 1 pq: 0 rg: 57 | total time: 5.86m | eta: 5.4m
step 00224/00420 (53.33%) | loss: 4.870480 | lrm: 0.73 | dt: 1585.16ms | tok/sec: 82,686 | bf16_mfu: 0.00 | epoch: 1 pq: 0 rg: 57 | total time: 5.88m | eta: 5.4m
step 00225/00420 (53.57%) | loss: 4.866316 | lrm: 0.73 | dt: 1557.77ms | tok/sec: 84,140 | bf16_mfu: 0.00 | epoch: 1 pq: 0 rg: 58 | total time: 5.91m | eta: 5.4m
step 00226/00420 (53.81%) | loss: 4.878553 | lrm: 0.73 | dt: 1587.13ms | tok/sec: 82,584 | bf16_mfu: 0.00 | epoch: 1 pq: 0 rg: 58 | total time: 5.93m | eta: 5.3m
step 00227/00420 (54.05%) | loss: 4.874046 | lrm: 0.72 | dt: 1596.10ms | tok/sec: 82,120 | bf16_mfu: 0.00 | epoch: 1 pq: 0 rg: 58 | total time: 5.96m | eta: 5.3m
step 00228/00420 (54.29%) | loss: 4.860567 | lrm: 0.72 | dt: 1587.95ms | tok/sec: 82,541 | bf16_mfu: 0.00 | epoch: 1 pq: 0 rg: 58 | total time: 5.99m | eta: 5.3m
step 00229/00420 (54.52%) | loss: 4.859381 | lrm: 0.71 | dt: 1593.35ms | tok/sec: 82,262 | bf16_mfu: 0.00 | epoch: 1 pq: 0 rg: 59 | total time: 6.01m | eta: 5.2m
step 00230/00420 (54.76%) | loss: 4.847025 | lrm: 0.71 | dt: 1580.70ms | tok/sec: 82,920 | bf16_mfu: 0.00 | epoch: 1 pq: 0 rg: 59 | total time: 6.04m | eta: 5.2m
step 00231/00420 (55.00%) | loss: 4.862190 | lrm: 0.71 | dt: 1584.60ms | tok/sec: 82,715 | bf16_mfu: 0.00 | epoch: 1 pq: 0 rg: 59 | total time: 6.07m | eta: 5.2m
step 00232/00420 (55.24%) | loss: 4.873672 | lrm: 0.70 | dt: 1578.53ms | tok/sec: 83,034 | bf16_mfu: 0.00 | epoch: 1 pq: 0 rg: 59 | total time: 6.09m | eta: 5.2m
step 00233/00420 (55.48%) | loss: 4.856941 | lrm: 0.70 | dt: 1569.81ms | tok/sec: 83,495 | bf16_mfu: 0.00 | epoch: 1 pq: 0 rg: 60 | total time: 6.12m | eta: 5.1m
step 00234/00420 (55.71%) | loss: 4.851811 | lrm: 0.70 | dt: 1571.44ms | tok/sec: 83,409 | bf16_mfu: 0.00 | epoch: 1 pq: 0 rg: 60 | total time: 6.15m | eta: 5.1m
step 00235/00420 (55.95%) | loss: 4.844044 | lrm: 0.69 | dt: 1565.49ms | tok/sec: 83,725 | bf16_mfu: 0.00 | epoch: 1 pq: 0 rg: 60 | total time: 6.17m | eta: 5.1m
step 00236/00420 (56.19%) | loss: 4.846198 | lrm: 0.69 | dt: 1584.47ms | tok/sec: 82,723 | bf16_mfu: 0.00 | epoch: 1 pq: 0 rg: 60 | total time: 6.20m | eta: 5.0m
step 00237/00420 (56.43%) | loss: 4.846151 | lrm: 0.69 | dt: 1567.83ms | tok/sec: 83,600 | bf16_mfu: 0.00 | epoch: 1 pq: 0 rg: 60 | total time: 6.22m | eta: 5.0m
step 00238/00420 (56.67%) | loss: 4.842586 | lrm: 0.68 | dt: 1548.23ms | tok/sec: 84,659 | bf16_mfu: 0.00 | epoch: 1 pq: 0 rg: 61 | total time: 6.25m | eta: 5.0m
step 00239/00420 (56.90%) | loss: 4.838036 | lrm: 0.68 | dt: 1551.88ms | tok/sec: 84,460 | bf16_mfu: 0.00 | epoch: 1 pq: 0 rg: 61 | total time: 6.28m | eta: 5.0m
step 00240/00420 (57.14%) | loss: 4.833026 | lrm: 0.68 | dt: 1603.17ms | tok/sec: 81,757 | bf16_mfu: 0.00 | epoch: 1 pq: 0 rg: 61 | total time: 6.30m | eta: 4.9m
step 00241/00420 (57.38%) | loss: 4.858793 | lrm: 0.67 | dt: 1570.13ms | tok/sec: 83,478 | bf16_mfu: 0.00 | epoch: 1 pq: 0 rg: 61 | total time: 6.33m | eta: 4.9m
step 00242/00420 (57.62%) | loss: 4.860697 | lrm: 0.67 | dt: 1571.20ms | tok/sec: 83,421 | bf16_mfu: 0.00 | epoch: 1 pq: 0 rg: 62 | total time: 6.35m | eta: 4.9m
step 00243/00420 (57.86%) | loss: 4.852019 | lrm: 0.67 | dt: 1559.02ms | tok/sec: 84,073 | bf16_mfu: 0.00 | epoch: 1 pq: 0 rg: 62 | total time: 6.38m | eta: 4.8m
step 00244/00420 (58.10%) | loss: 4.846192 | lrm: 0.66 | dt: 1581.90ms | tok/sec: 82,857 | bf16_mfu: 0.00 | epoch: 1 pq: 0 rg: 62 | total time: 6.41m | eta: 4.8m
step 00245/00420 (58.33%) | loss: 4.844543 | lrm: 0.66 | dt: 1580.44ms | tok/sec: 82,934 | bf16_mfu: 0.00 | epoch: 1 pq: 0 rg: 62 | total time: 6.43m | eta: 4.8m
step 00246/00420 (58.57%) | loss: 4.818621 | lrm: 0.66 | dt: 1574.66ms | tok/sec: 83,238 | bf16_mfu: 0.00 | epoch: 1 pq: 0 rg: 63 | total time: 6.46m | eta: 4.8m
step 00247/00420 (58.81%) | loss: 4.802477 | lrm: 0.65 | dt: 1574.57ms | tok/sec: 83,243 | bf16_mfu: 0.00 | epoch: 1 pq: 0 rg: 63 | total time: 6.49m | eta: 4.7m
step 00248/00420 (59.05%) | loss: 4.790014 | lrm: 0.65 | dt: 1571.71ms | tok/sec: 83,394 | bf16_mfu: 0.00 | epoch: 1 pq: 0 rg: 63 | total time: 6.51m | eta: 4.7m
step 00249/00420 (59.29%) | loss: 4.791323 | lrm: 0.65 | dt: 1569.47ms | tok/sec: 83,513 | bf16_mfu: 0.00 | epoch: 1 pq: 0 rg: 63 | total time: 6.54m | eta: 4.7m
Step 00250 | Validation bpb: 1.431020
step 00250/00420 (59.52%) | loss: 4.812989 | lrm: 0.64 | dt: 1716.24ms | tok/sec: 76,371 | bf16_mfu: 0.00 | epoch: 1 pq: 0 rg: 64 | total time: 6.57m | eta: 4.7m
step 00251/00420 (59.76%) | loss: 4.808958 | lrm: 0.64 | dt: 1571.81ms | tok/sec: 83,389 | bf16_mfu: 0.00 | epoch: 1 pq: 0 rg: 64 | total time: 6.59m | eta: 4.6m
step 00252/00420 (60.00%) | loss: 4.791482 | lrm: 0.63 | dt: 1551.16ms | tok/sec: 84,499 | bf16_mfu: 0.00 | epoch: 1 pq: 0 rg: 64 | total time: 6.62m | eta: 4.6m
step 00253/00420 (60.24%) | loss: 4.776259 | lrm: 0.63 | dt: 1556.66ms | tok/sec: 84,201 | bf16_mfu: 0.00 | epoch: 1 pq: 0 rg: 64 | total time: 6.64m | eta: 4.6m
step 00254/00420 (60.48%) | loss: 4.778996 | lrm: 0.63 | dt: 1566.20ms | tok/sec: 83,688 | bf16_mfu: 0.00 | epoch: 1 pq: 0 rg: 65 | total time: 6.67m | eta: 4.5m
step 00255/00420 (60.71%) | loss: 4.769123 | lrm: 0.62 | dt: 1591.60ms | tok/sec: 82,352 | bf16_mfu: 0.00 | epoch: 1 pq: 0 rg: 65 | total time: 6.70m | eta: 4.5m
step 00256/00420 (60.95%) | loss: 4.773674 | lrm: 0.62 | dt: 1581.13ms | tok/sec: 82,897 | bf16_mfu: 0.00 | epoch: 1 pq: 0 rg: 65 | total time: 6.72m | eta: 4.5m
step 00257/00420 (61.19%) | loss: 4.757833 | lrm: 0.62 | dt: 1559.59ms | tok/sec: 84,042 | bf16_mfu: 0.00 | epoch: 1 pq: 0 rg: 65 | total time: 6.75m | eta: 4.5m
step 00258/00420 (61.43%) | loss: 4.746848 | lrm: 0.61 | dt: 1523.74ms | tok/sec: 86,019 | bf16_mfu: 0.00 | epoch: 1 pq: 0 rg: 66 | total time: 6.77m | eta: 4.4m
step 00259/00420 (61.67%) | loss: 4.739703 | lrm: 0.61 | dt: 1546.54ms | tok/sec: 84,751 | bf16_mfu: 0.00 | epoch: 1 pq: 0 rg: 66 | total time: 6.80m | eta: 4.4m
step 00260/00420 (61.90%) | loss: 4.733470 | lrm: 0.61 | dt: 1552.67ms | tok/sec: 84,416 | bf16_mfu: 0.00 | epoch: 1 pq: 0 rg: 66 | total time: 6.83m | eta: 4.4m
step 00261/00420 (62.14%) | loss: 4.724746 | lrm: 0.60 | dt: 1549.66ms | tok/sec: 84,581 | bf16_mfu: 0.00 | epoch: 1 pq: 0 rg: 66 | total time: 6.85m | eta: 4.3m
step 00262/00420 (62.38%) | loss: 4.725795 | lrm: 0.60 | dt: 1553.73ms | tok/sec: 84,359 | bf16_mfu: 0.00 | epoch: 1 pq: 0 rg: 67 | total time: 6.88m | eta: 4.3m
step 00263/00420 (62.62%) | loss: 4.714946 | lrm: 0.60 | dt: 1585.59ms | tok/sec: 82,664 | bf16_mfu: 0.00 | epoch: 1 pq: 0 rg: 67 | total time: 6.90m | eta: 4.3m
step 00264/00420 (62.86%) | loss: 4.716238 | lrm: 0.59 | dt: 1530.83ms | tok/sec: 85,621 | bf16_mfu: 0.00 | epoch: 1 pq: 0 rg: 67 | total time: 6.93m | eta: 4.3m
step 00265/00420 (63.10%) | loss: 4.718585 | lrm: 0.59 | dt: 1554.54ms | tok/sec: 84,315 | bf16_mfu: 0.00 | epoch: 1 pq: 0 rg: 67 | total time: 6.96m | eta: 4.2m
step 00266/00420 (63.33%) | loss: 4.717824 | lrm: 0.59 | dt: 1560.40ms | tok/sec: 83,998 | bf16_mfu: 0.00 | epoch: 1 pq: 0 rg: 67 | total time: 6.98m | eta: 4.2m
step 00267/00420 (63.57%) | loss: 4.731076 | lrm: 0.58 | dt: 1582.51ms | tok/sec: 82,825 | bf16_mfu: 0.00 | epoch: 1 pq: 0 rg: 68 | total time: 7.01m | eta: 4.2m
step 00268/00420 (63.81%) | loss: 4.734329 | lrm: 0.58 | dt: 1575.02ms | tok/sec: 83,219 | bf16_mfu: 0.00 | epoch: 1 pq: 0 rg: 68 | total time: 7.03m | eta: 4.1m
step 00269/00420 (64.05%) | loss: 4.748122 | lrm: 0.58 | dt: 1578.28ms | tok/sec: 83,047 | bf16_mfu: 0.00 | epoch: 1 pq: 0 rg: 68 | total time: 7.06m | eta: 4.1m
step 00270/00420 (64.29%) | loss: 4.757132 | lrm: 0.57 | dt: 1547.13ms | tok/sec: 84,719 | bf16_mfu: 0.00 | epoch: 1 pq: 0 rg: 68 | total time: 7.09m | eta: 4.1m
step 00271/00420 (64.52%) | loss: 4.748712 | lrm: 0.57 | dt: 1561.37ms | tok/sec: 83,946 | bf16_mfu: 0.00 | epoch: 1 pq: 0 rg: 69 | total time: 7.11m | eta: 4.1m
step 00272/00420 (64.76%) | loss: 4.751912 | lrm: 0.57 | dt: 1550.86ms | tok/sec: 84,515 | bf16_mfu: 0.00 | epoch: 1 pq: 0 rg: 69 | total time: 7.14m | eta: 4.0m
step 00273/00420 (65.00%) | loss: 4.756339 | lrm: 0.56 | dt: 1560.70ms | tok/sec: 83,982 | bf16_mfu: 0.00 | epoch: 1 pq: 0 rg: 69 | total time: 7.16m | eta: 4.0m
step 00274/00420 (65.24%) | loss: 4.749782 | lrm: 0.56 | dt: 1574.78ms | tok/sec: 83,231 | bf16_mfu: 0.00 | epoch: 1 pq: 0 rg: 69 | total time: 7.19m | eta: 4.0m
step 00275/00420 (65.48%) | loss: 4.730820 | lrm: 0.55 | dt: 1554.36ms | tok/sec: 84,325 | bf16_mfu: 0.00 | epoch: 1 pq: 0 rg: 70 | total time: 7.22m | eta: 3.9m
step 00276/00420 (65.71%) | loss: 4.723066 | lrm: 0.55 | dt: 1602.26ms | tok/sec: 81,804 | bf16_mfu: 0.00 | epoch: 1 pq: 0 rg: 70 | total time: 7.24m | eta: 3.9m
step 00277/00420 (65.95%) | loss: 4.719052 | lrm: 0.55 | dt: 1575.45ms | tok/sec: 83,196 | bf16_mfu: 0.00 | epoch: 1 pq: 0 rg: 70 | total time: 7.27m | eta: 3.9m
step 00278/00420 (66.19%) | loss: 4.709293 | lrm: 0.54 | dt: 1560.01ms | tok/sec: 84,019 | bf16_mfu: 0.00 | epoch: 1 pq: 0 rg: 70 | total time: 7.30m | eta: 3.9m
step 00279/00420 (66.43%) | loss: 4.705679 | lrm: 0.54 | dt: 1578.27ms | tok/sec: 83,048 | bf16_mfu: 0.00 | epoch: 1 pq: 0 rg: 71 | total time: 7.32m | eta: 3.8m
step 00280/00420 (66.67%) | loss: 4.704882 | lrm: 0.54 | dt: 1554.42ms | tok/sec: 84,321 | bf16_mfu: 0.00 | epoch: 1 pq: 0 rg: 71 | total time: 7.35m | eta: 3.8m
step 00281/00420 (66.90%) | loss: 4.691537 | lrm: 0.53 | dt: 1595.36ms | tok/sec: 82,158 | bf16_mfu: 0.00 | epoch: 1 pq: 0 rg: 71 | total time: 7.37m | eta: 3.8m
step 00282/00420 (67.14%) | loss: 4.693764 | lrm: 0.53 | dt: 1566.54ms | tok/sec: 83,669 | bf16_mfu: 0.00 | epoch: 1 pq: 0 rg: 71 | total time: 7.40m | eta: 3.8m
step 00283/00420 (67.38%) | loss: 4.686249 | lrm: 0.53 | dt: 1569.84ms | tok/sec: 83,493 | bf16_mfu: 0.00 | epoch: 1 pq: 0 rg: 72 | total time: 7.43m | eta: 3.7m
step 00284/00420 (67.62%) | loss: 4.696046 | lrm: 0.52 | dt: 1577.51ms | tok/sec: 83,088 | bf16_mfu: 0.00 | epoch: 1 pq: 0 rg: 72 | total time: 7.45m | eta: 3.7m
step 00285/00420 (67.86%) | loss: 4.695493 | lrm: 0.52 | dt: 1570.41ms | tok/sec: 83,463 | bf16_mfu: 0.00 | epoch: 1 pq: 0 rg: 72 | total time: 7.48m | eta: 3.7m
step 00286/00420 (68.10%) | loss: 4.684127 | lrm: 0.52 | dt: 1569.71ms | tok/sec: 83,500 | bf16_mfu: 0.00 | epoch: 1 pq: 0 rg: 72 | total time: 7.51m | eta: 3.6m
step 00287/00420 (68.33%) | loss: 4.681330 | lrm: 0.51 | dt: 1581.90ms | tok/sec: 82,857 | bf16_mfu: 0.00 | epoch: 1 pq: 0 rg: 73 | total time: 7.53m | eta: 3.6m
step 00288/00420 (68.57%) | loss: 4.683085 | lrm: 0.51 | dt: 1573.27ms | tok/sec: 83,311 | bf16_mfu: 0.00 | epoch: 1 pq: 0 rg: 73 | total time: 7.56m | eta: 3.6m
step 00289/00420 (68.81%) | loss: 4.689867 | lrm: 0.51 | dt: 1554.11ms | tok/sec: 84,338 | bf16_mfu: 0.00 | epoch: 1 pq: 0 rg: 73 | total time: 7.58m | eta: 3.6m
step 00290/00420 (69.05%) | loss: 4.679456 | lrm: 0.50 | dt: 1576.82ms | tok/sec: 83,124 | bf16_mfu: 0.00 | epoch: 1 pq: 0 rg: 73 | total time: 7.61m | eta: 3.5m
step 00291/00420 (69.29%) | loss: 4.680881 | lrm: 0.50 | dt: 1569.82ms | tok/sec: 83,494 | bf16_mfu: 0.00 | epoch: 1 pq: 0 rg: 73 | total time: 7.64m | eta: 3.5m
step 00292/00420 (69.52%) | loss: 4.682542 | lrm: 0.50 | dt: 1579.36ms | tok/sec: 82,990 | bf16_mfu: 0.00 | epoch: 1 pq: 0 rg: 74 | total time: 7.66m | eta: 3.5m
step 00293/00420 (69.76%) | loss: 4.677945 | lrm: 0.49 | dt: 1585.70ms | tok/sec: 82,658 | bf16_mfu: 0.00 | epoch: 1 pq: 0 rg: 74 | total time: 7.69m | eta: 3.5m
step 00294/00420 (70.00%) | loss: 4.681258 | lrm: 0.49 | dt: 1539.58ms | tok/sec: 85,134 | bf16_mfu: 0.00 | epoch: 1 pq: 0 rg: 74 | total time: 7.71m | eta: 3.4m
step 00295/00420 (70.24%) | loss: 4.672971 | lrm: 0.48 | dt: 1595.36ms | tok/sec: 82,158 | bf16_mfu: 0.00 | epoch: 1 pq: 0 rg: 74 | total time: 7.74m | eta: 3.4m
step 00296/00420 (70.48%) | loss: 4.676575 | lrm: 0.48 | dt: 1570.13ms | tok/sec: 83,478 | bf16_mfu: 0.00 | epoch: 1 pq: 0 rg: 75 | total time: 7.77m | eta: 3.4m
step 00297/00420 (70.71%) | loss: 4.683802 | lrm: 0.48 | dt: 1552.29ms | tok/sec: 84,437 | bf16_mfu: 0.00 | epoch: 1 pq: 0 rg: 75 | total time: 7.79m | eta: 3.3m
step 00298/00420 (70.95%) | loss: 4.677341 | lrm: 0.47 | dt: 1580.58ms | tok/sec: 82,926 | bf16_mfu: 0.00 | epoch: 1 pq: 0 rg: 75 | total time: 7.82m | eta: 3.3m
step 00299/00420 (71.19%) | loss: 4.693354 | lrm: 0.47 | dt: 1567.26ms | tok/sec: 83,631 | bf16_mfu: 0.00 | epoch: 1 pq: 0 rg: 75 | total time: 7.85m | eta: 3.3m
Step 00300 | Validation bpb: 1.394213
<|bos|>The capital of France is a popular choice for the country. The country is a popular choice for the country
<|bos|>The chemical symbol of gold is a symbol of the symbol of the symbol of the symbol of the symbol of the
<|bos|>If yesterday was Friday, then tomorrow will be the first time, the first time, the first time, the first time,
<|bos|>The opposite of hot is a great way to make a great way to make a great way to make a
<|bos|>The planets of the solar system are: the solar system that is the solar system. The solar system is the solar system
<|bos|>My favorite color is a great way to get a good way to get a good way to get a
<|bos|>If 5*x + 3 = 13, then x is the most common type of 5*x + 5*x + 
step 00300/00420 (71.43%) | loss: 4.691596 | lrm: 0.47 | dt: 1665.18ms | tok/sec: 78,713 | bf16_mfu: 0.00 | epoch: 1 pq: 0 rg: 76 | total time: 7.87m | eta: 3.3m
step 00301/00420 (71.67%) | loss: 4.686109 | lrm: 0.46 | dt: 1567.89ms | tok/sec: 83,597 | bf16_mfu: 0.00 | epoch: 1 pq: 0 rg: 76 | total time: 7.90m | eta: 3.2m
step 00302/00420 (71.90%) | loss: 4.674785 | lrm: 0.46 | dt: 1557.35ms | tok/sec: 84,163 | bf16_mfu: 0.00 | epoch: 1 pq: 0 rg: 76 | total time: 7.93m | eta: 3.2m
step 00303/00420 (72.14%) | loss: 4.684560 | lrm: 0.46 | dt: 1577.44ms | tok/sec: 83,091 | bf16_mfu: 0.00 | epoch: 1 pq: 0 rg: 76 | total time: 7.95m | eta: 3.2m
step 00304/00420 (72.38%) | loss: 4.669730 | lrm: 0.45 | dt: 1565.97ms | tok/sec: 83,700 | bf16_mfu: 0.00 | epoch: 1 pq: 0 rg: 77 | total time: 7.98m | eta: 3.1m
step 00305/00420 (72.62%) | loss: 4.667994 | lrm: 0.45 | dt: 1553.57ms | tok/sec: 84,368 | bf16_mfu: 0.00 | epoch: 1 pq: 0 rg: 77 | total time: 8.00m | eta: 3.1m
step 00306/00420 (72.86%) | loss: 4.659971 | lrm: 0.45 | dt: 1555.11ms | tok/sec: 84,284 | bf16_mfu: 0.00 | epoch: 1 pq: 0 rg: 77 | total time: 8.03m | eta: 3.1m
step 00307/00420 (73.10%) | loss: 4.660122 | lrm: 0.44 | dt: 1568.93ms | tok/sec: 83,542 | bf16_mfu: 0.00 | epoch: 1 pq: 0 rg: 77 | total time: 8.06m | eta: 3.1m
step 00308/00420 (73.33%) | loss: 4.672185 | lrm: 0.44 | dt: 1587.08ms | tok/sec: 82,587 | bf16_mfu: 0.00 | epoch: 1 pq: 0 rg: 78 | total time: 8.08m | eta: 3.0m
step 00309/00420 (73.57%) | loss: 4.658175 | lrm: 0.44 | dt: 1561.80ms | tok/sec: 83,923 | bf16_mfu: 0.00 | epoch: 1 pq: 0 rg: 78 | total time: 8.11m | eta: 3.0m
step 00310/00420 (73.81%) | loss: 4.649297 | lrm: 0.43 | dt: 1552.49ms | tok/sec: 84,427 | bf16_mfu: 0.00 | epoch: 1 pq: 0 rg: 78 | total time: 8.13m | eta: 3.0m
step 00311/00420 (74.05%) | loss: 4.648752 | lrm: 0.43 | dt: 1577.06ms | tok/sec: 83,111 | bf16_mfu: 0.00 | epoch: 1 pq: 0 rg: 78 | total time: 8.16m | eta: 3.0m
step 00312/00420 (74.29%) | loss: 4.656505 | lrm: 0.43 | dt: 1570.97ms | tok/sec: 83,433 | bf16_mfu: 0.00 | epoch: 1 pq: 0 rg: 79 | total time: 8.19m | eta: 2.9m
step 00313/00420 (74.52%) | loss: 4.668094 | lrm: 0.42 | dt: 1568.09ms | tok/sec: 83,587 | bf16_mfu: 0.00 | epoch: 1 pq: 0 rg: 79 | total time: 8.21m | eta: 2.9m
step 00314/00420 (74.76%) | loss: 4.659104 | lrm: 0.42 | dt: 1579.74ms | tok/sec: 82,970 | bf16_mfu: 0.00 | epoch: 1 pq: 0 rg: 79 | total time: 8.24m | eta: 2.9m
step 00315/00420 (75.00%) | loss: 4.645871 | lrm: 0.42 | dt: 1571.74ms | tok/sec: 83,392 | bf16_mfu: 0.00 | epoch: 1 pq: 0 rg: 79 | total time: 8.27m | eta: 2.8m
step 00316/00420 (75.24%) | loss: 4.649554 | lrm: 0.41 | dt: 1589.37ms | tok/sec: 82,467 | bf16_mfu: 0.00 | epoch: 1 pq: 0 rg: 80 | total time: 8.29m | eta: 2.8m
step 00317/00420 (75.48%) | loss: 4.646183 | lrm: 0.41 | dt: 1586.28ms | tok/sec: 82,628 | bf16_mfu: 0.00 | epoch: 1 pq: 0 rg: 80 | total time: 8.32m | eta: 2.8m
step 00318/00420 (75.71%) | loss: 4.636346 | lrm: 0.40 | dt: 1586.28ms | tok/sec: 82,628 | bf16_mfu: 0.00 | epoch: 1 pq: 0 rg: 80 | total time: 8.35m | eta: 2.8m
step 00319/00420 (75.95%) | loss: 4.640171 | lrm: 0.40 | dt: 1574.89ms | tok/sec: 83,226 | bf16_mfu: 0.00 | epoch: 1 pq: 0 rg: 80 | total time: 8.37m | eta: 2.7m
step 00320/00420 (76.19%) | loss: 4.635131 | lrm: 0.40 | dt: 1580.26ms | tok/sec: 82,943 | bf16_mfu: 0.00 | epoch: 1 pq: 0 rg: 81 | total time: 8.40m | eta: 2.7m
step 00321/00420 (76.43%) | loss: 4.632256 | lrm: 0.39 | dt: 1572.46ms | tok/sec: 83,354 | bf16_mfu: 0.00 | epoch: 1 pq: 0 rg: 81 | total time: 8.42m | eta: 2.7m
step 00322/00420 (76.67%) | loss: 4.632433 | lrm: 0.39 | dt: 1558.54ms | tok/sec: 84,099 | bf16_mfu: 0.00 | epoch: 1 pq: 0 rg: 81 | total time: 8.45m | eta: 2.7m
step 00323/00420 (76.90%) | loss: 4.620594 | lrm: 0.39 | dt: 1494.99ms | tok/sec: 87,674 | bf16_mfu: 0.00 | epoch: 1 pq: 0 rg: 81 | total time: 8.47m | eta: 2.6m
step 00324/00420 (77.14%) | loss: 4.609839 | lrm: 0.38 | dt: 1494.54ms | tok/sec: 87,700 | bf16_mfu: 0.00 | epoch: 1 pq: 0 rg: 82 | total time: 8.50m | eta: 2.6m
step 00325/00420 (77.38%) | loss: 4.609447 | lrm: 0.38 | dt: 1488.09ms | tok/sec: 88,080 | bf16_mfu: 0.00 | epoch: 1 pq: 0 rg: 82 | total time: 8.52m | eta: 2.6m
step 00326/00420 (77.62%) | loss: 4.607291 | lrm: 0.38 | dt: 1491.86ms | tok/sec: 87,857 | bf16_mfu: 0.00 | epoch: 1 pq: 0 rg: 82 | total time: 8.55m | eta: 2.5m
step 00327/00420 (77.86%) | loss: 4.603728 | lrm: 0.37 | dt: 1491.16ms | tok/sec: 87,899 | bf16_mfu: 0.00 | epoch: 1 pq: 0 rg: 82 | total time: 8.57m | eta: 2.5m
step 00328/00420 (78.10%) | loss: 4.600254 | lrm: 0.37 | dt: 1500.94ms | tok/sec: 87,326 | bf16_mfu: 0.00 | epoch: 1 pq: 0 rg: 83 | total time: 8.60m | eta: 2.5m
step 00329/00420 (78.33%) | loss: 4.580757 | lrm: 0.37 | dt: 1489.10ms | tok/sec: 88,021 | bf16_mfu: 0.00 | epoch: 1 pq: 0 rg: 83 | total time: 8.62m | eta: 2.5m
step 00330/00420 (78.57%) | loss: 4.582008 | lrm: 0.36 | dt: 1504.58ms | tok/sec: 87,115 | bf16_mfu: 0.00 | epoch: 1 pq: 0 rg: 83 | total time: 8.65m | eta: 2.4m
step 00331/00420 (78.81%) | loss: 4.585140 | lrm: 0.36 | dt: 1490.54ms | tok/sec: 87,935 | bf16_mfu: 0.00 | epoch: 1 pq: 0 rg: 83 | total time: 8.67m | eta: 2.4m
step 00332/00420 (79.05%) | loss: 4.586928 | lrm: 0.36 | dt: 1500.06ms | tok/sec: 87,378 | bf16_mfu: 0.00 | epoch: 1 pq: 0 rg: 83 | total time: 8.70m | eta: 2.4m
step 00333/00420 (79.29%) | loss: 4.594010 | lrm: 0.35 | dt: 1497.71ms | tok/sec: 87,514 | bf16_mfu: 0.00 | epoch: 1 pq: 1 rg: 0 | total time: 8.72m | eta: 2.3m
step 00334/00420 (79.52%) | loss: 4.613652 | lrm: 0.35 | dt: 1493.34ms | tok/sec: 87,771 | bf16_mfu: 0.00 | epoch: 1 pq: 1 rg: 0 | total time: 8.75m | eta: 2.3m
step 00335/00420 (79.76%) | loss: 4.622079 | lrm: 0.35 | dt: 1489.35ms | tok/sec: 88,005 | bf16_mfu: 0.00 | epoch: 1 pq: 1 rg: 0 | total time: 8.77m | eta: 2.3m
step 00336/00420 (80.00%) | loss: 4.623596 | lrm: 0.34 | dt: 1501.42ms | tok/sec: 87,298 | bf16_mfu: 0.00 | epoch: 1 pq: 1 rg: 0 | total time: 8.80m | eta: 2.3m
step 00337/00420 (80.24%) | loss: 4.631889 | lrm: 0.34 | dt: 1502.44ms | tok/sec: 87,239 | bf16_mfu: 0.00 | epoch: 1 pq: 1 rg: 1 | total time: 8.82m | eta: 2.2m
step 00338/00420 (80.48%) | loss: 4.639632 | lrm: 0.34 | dt: 1498.79ms | tok/sec: 87,451 | bf16_mfu: 0.00 | epoch: 1 pq: 1 rg: 1 | total time: 8.85m | eta: 2.2m
step 00339/00420 (80.71%) | loss: 4.644745 | lrm: 0.33 | dt: 1495.01ms | tok/sec: 87,672 | bf16_mfu: 0.00 | epoch: 1 pq: 1 rg: 1 | total time: 8.87m | eta: 2.2m
step 00340/00420 (80.95%) | loss: 4.636871 | lrm: 0.33 | dt: 1501.91ms | tok/sec: 87,270 | bf16_mfu: 0.00 | epoch: 1 pq: 1 rg: 1 | total time: 8.90m | eta: 2.2m
step 00341/00420 (81.19%) | loss: 4.640846 | lrm: 0.32 | dt: 1496.59ms | tok/sec: 87,580 | bf16_mfu: 0.00 | epoch: 1 pq: 1 rg: 2 | total time: 8.92m | eta: 2.1m
step 00342/00420 (81.43%) | loss: 4.630235 | lrm: 0.32 | dt: 1497.55ms | tok/sec: 87,524 | bf16_mfu: 0.00 | epoch: 1 pq: 1 rg: 2 | total time: 8.95m | eta: 2.1m
step 00343/00420 (81.67%) | loss: 4.628491 | lrm: 0.32 | dt: 1493.86ms | tok/sec: 87,740 | bf16_mfu: 0.00 | epoch: 1 pq: 1 rg: 2 | total time: 8.97m | eta: 2.1m
step 00344/00420 (81.90%) | loss: 4.626232 | lrm: 0.31 | dt: 1495.23ms | tok/sec: 87,660 | bf16_mfu: 0.00 | epoch: 1 pq: 1 rg: 2 | total time: 9.00m | eta: 2.0m
step 00345/00420 (82.14%) | loss: 4.623556 | lrm: 0.31 | dt: 1493.61ms | tok/sec: 87,754 | bf16_mfu: 0.00 | epoch: 1 pq: 1 rg: 3 | total time: 9.02m | eta: 2.0m
step 00346/00420 (82.38%) | loss: 4.609036 | lrm: 0.31 | dt: 1500.09ms | tok/sec: 87,376 | bf16_mfu: 0.00 | epoch: 1 pq: 1 rg: 3 | total time: 9.05m | eta: 2.0m
step 00347/00420 (82.62%) | loss: 4.610926 | lrm: 0.30 | dt: 1489.28ms | tok/sec: 88,010 | bf16_mfu: 0.00 | epoch: 1 pq: 1 rg: 3 | total time: 9.07m | eta: 2.0m
step 00348/00420 (82.86%) | loss: 4.605854 | lrm: 0.30 | dt: 1495.14ms | tok/sec: 87,665 | bf16_mfu: 0.00 | epoch: 1 pq: 1 rg: 3 | total time: 9.10m | eta: 1.9m
step 00349/00420 (83.10%) | loss: 4.599226 | lrm: 0.30 | dt: 1500.73ms | tok/sec: 87,339 | bf16_mfu: 0.00 | epoch: 1 pq: 1 rg: 4 | total time: 9.12m | eta: 1.9m
Step 00350 | Validation bpb: 1.368716
step 00350/00420 (83.33%) | loss: 4.597834 | lrm: 0.29 | dt: 1501.30ms | tok/sec: 87,305 | bf16_mfu: 0.00 | epoch: 1 pq: 1 rg: 4 | total time: 9.15m | eta: 1.9m
step 00351/00420 (83.57%) | loss: 4.592741 | lrm: 0.29 | dt: 1497.95ms | tok/sec: 87,500 | bf16_mfu: 0.00 | epoch: 1 pq: 1 rg: 4 | total time: 9.17m | eta: 1.9m
step 00352/00420 (83.81%) | loss: 4.585671 | lrm: 0.29 | dt: 1496.69ms | tok/sec: 87,574 | bf16_mfu: 0.00 | epoch: 1 pq: 1 rg: 4 | total time: 9.20m | eta: 1.8m
step 00353/00420 (84.05%) | loss: 4.582826 | lrm: 0.28 | dt: 1499.52ms | tok/sec: 87,409 | bf16_mfu: 0.00 | epoch: 1 pq: 1 rg: 5 | total time: 9.22m | eta: 1.8m
step 00354/00420 (84.29%) | loss: 4.583637 | lrm: 0.28 | dt: 1488.10ms | tok/sec: 88,080 | bf16_mfu: 0.00 | epoch: 1 pq: 1 rg: 5 | total time: 9.25m | eta: 1.8m
step 00355/00420 (84.52%) | loss: 4.588326 | lrm: 0.28 | dt: 1489.83ms | tok/sec: 87,978 | bf16_mfu: 0.00 | epoch: 1 pq: 1 rg: 5 | total time: 9.27m | eta: 1.7m
step 00356/00420 (84.76%) | loss: 4.573316 | lrm: 0.27 | dt: 1498.64ms | tok/sec: 87,460 | bf16_mfu: 0.00 | epoch: 1 pq: 1 rg: 5 | total time: 9.30m | eta: 1.7m
step 00357/00420 (85.00%) | loss: 4.570777 | lrm: 0.27 | dt: 1493.80ms | tok/sec: 87,744 | bf16_mfu: 0.00 | epoch: 1 pq: 1 rg: 6 | total time: 9.32m | eta: 1.7m
step 00358/00420 (85.24%) | loss: 4.573697 | lrm: 0.27 | dt: 1490.95ms | tok/sec: 87,911 | bf16_mfu: 0.00 | epoch: 1 pq: 1 rg: 6 | total time: 9.35m | eta: 1.7m
step 00359/00420 (85.48%) | loss: 4.567520 | lrm: 0.26 | dt: 1490.09ms | tok/sec: 87,962 | bf16_mfu: 0.00 | epoch: 1 pq: 1 rg: 6 | total time: 9.37m | eta: 1.6m
step 00360/00420 (85.71%) | loss: 4.570504 | lrm: 0.26 | dt: 1492.47ms | tok/sec: 87,822 | bf16_mfu: 0.00 | epoch: 1 pq: 1 rg: 6 | total time: 9.40m | eta: 1.6m
step 00361/00420 (85.95%) | loss: 4.566239 | lrm: 0.26 | dt: 1500.09ms | tok/sec: 87,375 | bf16_mfu: 0.00 | epoch: 1 pq: 1 rg: 7 | total time: 9.42m | eta: 1.6m
step 00362/00420 (86.19%) | loss: 4.553109 | lrm: 0.25 | dt: 1492.74ms | tok/sec: 87,806 | bf16_mfu: 0.00 | epoch: 1 pq: 1 rg: 7 | total time: 9.45m | eta: 1.6m
step 00363/00420 (86.43%) | loss: 4.541891 | lrm: 0.25 | dt: 1492.87ms | tok/sec: 87,798 | bf16_mfu: 0.00 | epoch: 1 pq: 1 rg: 7 | total time: 9.47m | eta: 1.5m
step 00364/00420 (86.67%) | loss: 4.539595 | lrm: 0.24 | dt: 1490.20ms | tok/sec: 87,956 | bf16_mfu: 0.00 | epoch: 1 pq: 1 rg: 7 | total time: 9.50m | eta: 1.5m
step 00365/00420 (86.90%) | loss: 4.538661 | lrm: 0.24 | dt: 1500.46ms | tok/sec: 87,354 | bf16_mfu: 0.00 | epoch: 1 pq: 1 rg: 8 | total time: 9.52m | eta: 1.5m
step 00366/00420 (87.14%) | loss: 4.527796 | lrm: 0.24 | dt: 1500.11ms | tok/sec: 87,374 | bf16_mfu: 0.00 | epoch: 1 pq: 1 rg: 8 | total time: 9.55m | eta: 1.4m
step 00367/00420 (87.38%) | loss: 4.524055 | lrm: 0.23 | dt: 1660.99ms | tok/sec: 78,912 | bf16_mfu: 0.00 | epoch: 1 pq: 1 rg: 8 | total time: 9.57m | eta: 1.4m
step 00368/00420 (87.62%) | loss: 4.511863 | lrm: 0.23 | dt: 1548.30ms | tok/sec: 84,655 | bf16_mfu: 0.00 | epoch: 1 pq: 1 rg: 8 | total time: 9.60m | eta: 1.4m
step 00369/00420 (87.86%) | loss: 4.522290 | lrm: 0.23 | dt: 1490.14ms | tok/sec: 87,959 | bf16_mfu: 0.00 | epoch: 1 pq: 1 rg: 8 | total time: 9.62m | eta: 1.4m
2026-09-16 11:01:30,435 - nanochat.checkpoint_manager - [32m[1mINFO[0m - Saved model parameters to: /Users/mayureshkhalane/.cache/nanochat/base_checkpoints/d2/model_000420.pt
2026-09-16 11:01:30,436 - nanochat.checkpoint_manager - [32m[1mINFO[0m - Saved metadata to: /Users/mayureshkhalane/.cache/nanochat/base_checkpoints/d2/meta_000420.json
2026-09-16 11:01:30,667 - nanochat.checkpoint_manager - [32m[1mINFO[0m - Saved optimizer state to: /Users/mayureshkhalane/.cache/nanochat/base_checkpoints/d2/optim_000420_rank0.pt
step 00370/00420 (88.10%) | loss: 4.521522 | lrm: 0.22 | dt: 1498.23ms | tok/sec: 87,484 | bf16_mfu: 0.00 | epoch: 1 pq: 1 rg: 9 | total time: 9.65m | eta: 1.3m
step 00371/00420 (88.33%) | loss: 4.536091 | lrm: 0.22 | dt: 1506.06ms | tok/sec: 87,029 | bf16_mfu: 0.00 | epoch: 1 pq: 1 rg: 9 | total time: 9.67m | eta: 1.3m
step 00372/00420 (88.57%) | loss: 4.528192 | lrm: 0.22 | dt: 1527.74ms | tok/sec: 85,794 | bf16_mfu: 0.00 | epoch: 1 pq: 1 rg: 9 | total time: 9.70m | eta: 1.3m
step 00373/00420 (88.81%) | loss: 4.533278 | lrm: 0.21 | dt: 1508.67ms | tok/sec: 86,879 | bf16_mfu: 0.00 | epoch: 1 pq: 1 rg: 9 | total time: 9.73m | eta: 1.3m
step 00374/00420 (89.05%) | loss: 4.547820 | lrm: 0.21 | dt: 1525.28ms | tok/sec: 85,933 | bf16_mfu: 0.00 | epoch: 1 pq: 1 rg: 10 | total time: 9.75m | eta: 1.2m
step 00375/00420 (89.29%) | loss: 4.559097 | lrm: 0.21 | dt: 1496.09ms | tok/sec: 87,609 | bf16_mfu: 0.00 | epoch: 1 pq: 1 rg: 10 | total time: 9.78m | eta: 1.2m
step 00376/00420 (89.52%) | loss: 4.556686 | lrm: 0.20 | dt: 1502.17ms | tok/sec: 87,255 | bf16_mfu: 0.00 | epoch: 1 pq: 1 rg: 10 | total time: 9.80m | eta: 1.2m
step 00377/00420 (89.76%) | loss: 4.551110 | lrm: 0.20 | dt: 1485.20ms | tok/sec: 88,252 | bf16_mfu: 0.00 | epoch: 1 pq: 1 rg: 10 | total time: 9.83m | eta: 1.2m
step 00378/00420 (90.00%) | loss: 4.538627 | lrm: 0.20 | dt: 1493.55ms | tok/sec: 87,758 | bf16_mfu: 0.00 | epoch: 1 pq: 1 rg: 11 | total time: 9.85m | eta: 1.1m
step 00379/00420 (90.24%) | loss: 4.524857 | lrm: 0.19 | dt: 1489.60ms | tok/sec: 87,991 | bf16_mfu: 0.00 | epoch: 1 pq: 1 rg: 11 | total time: 9.88m | eta: 1.1m
step 00380/00420 (90.48%) | loss: 4.522413 | lrm: 0.19 | dt: 1510.14ms | tok/sec: 86,794 | bf16_mfu: 0.00 | epoch: 1 pq: 1 rg: 11 | total time: 9.90m | eta: 1.1m
step 00381/00420 (90.71%) | loss: 4.531508 | lrm: 0.19 | dt: 1496.72ms | tok/sec: 87,572 | bf16_mfu: 0.00 | epoch: 1 pq: 1 rg: 11 | total time: 9.93m | eta: 1.0m
step 00382/00420 (90.95%) | loss: 4.526854 | lrm: 0.18 | dt: 1507.14ms | tok/sec: 86,967 | bf16_mfu: 0.00 | epoch: 1 pq: 1 rg: 12 | total time: 9.95m | eta: 1.0m
step 00383/00420 (91.19%) | loss: 4.526258 | lrm: 0.18 | dt: 1705.26ms | tok/sec: 76,863 | bf16_mfu: 0.00 | epoch: 1 pq: 1 rg: 12 | total time: 9.98m | eta: 1.0m
step 00384/00420 (91.43%) | loss: 4.518250 | lrm: 0.18 | dt: 1698.41ms | tok/sec: 77,173 | bf16_mfu: 0.00 | epoch: 1 pq: 1 rg: 12 | total time: 10.01m | eta: 1.0m
step 00385/00420 (91.67%) | loss: 4.507919 | lrm: 0.17 | dt: 1701.66ms | tok/sec: 77,026 | bf16_mfu: 0.00 | epoch: 1 pq: 1 rg: 12 | total time: 10.04m | eta: 0.9m
step 00386/00420 (91.90%) | loss: 4.513668 | lrm: 0.17 | dt: 1704.29ms | tok/sec: 76,907 | bf16_mfu: 0.00 | epoch: 1 pq: 1 rg: 13 | total time: 10.06m | eta: 0.9m
step 00387/00420 (92.14%) | loss: 4.520709 | lrm: 0.16 | dt: 1697.74ms | tok/sec: 77,203 | bf16_mfu: 0.00 | epoch: 1 pq: 1 rg: 13 | total time: 10.09m | eta: 0.9m
step 00388/00420 (92.38%) | loss: 4.524171 | lrm: 0.16 | dt: 1696.48ms | tok/sec: 77,261 | bf16_mfu: 0.00 | epoch: 1 pq: 1 rg: 13 | total time: 10.12m | eta: 0.9m
step 00389/00420 (92.62%) | loss: 4.534515 | lrm: 0.16 | dt: 1571.06ms | tok/sec: 83,428 | bf16_mfu: 0.00 | epoch: 1 pq: 1 rg: 13 | total time: 10.15m | eta: 0.8m
step 00390/00420 (92.86%) | loss: 4.538799 | lrm: 0.15 | dt: 1569.21ms | tok/sec: 83,527 | bf16_mfu: 0.00 | epoch: 1 pq: 1 rg: 14 | total time: 10.17m | eta: 0.8m
step 00391/00420 (93.10%) | loss: 4.533968 | lrm: 0.15 | dt: 1639.17ms | tok/sec: 79,962 | bf16_mfu: 0.00 | epoch: 1 pq: 1 rg: 14 | total time: 10.20m | eta: 0.8m
step 00392/00420 (93.33%) | loss: 4.542187 | lrm: 0.15 | dt: 1593.86ms | tok/sec: 82,235 | bf16_mfu: 0.00 | epoch: 1 pq: 1 rg: 14 | total time: 10.23m | eta: 0.7m
step 00393/00420 (93.57%) | loss: 4.555476 | lrm: 0.14 | dt: 1625.07ms | tok/sec: 80,656 | bf16_mfu: 0.00 | epoch: 1 pq: 1 rg: 14 | total time: 10.25m | eta: 0.7m
step 00394/00420 (93.81%) | loss: 4.539811 | lrm: 0.14 | dt: 1628.75ms | tok/sec: 80,473 | bf16_mfu: 0.00 | epoch: 1 pq: 1 rg: 15 | total time: 10.28m | eta: 0.7m
step 00395/00420 (94.05%) | loss: 4.538916 | lrm: 0.14 | dt: 1588.97ms | tok/sec: 82,488 | bf16_mfu: 0.00 | epoch: 1 pq: 1 rg: 15 | total time: 10.31m | eta: 0.7m
step 00396/00420 (94.29%) | loss: 4.534770 | lrm: 0.13 | dt: 1595.11ms | tok/sec: 82,171 | bf16_mfu: 0.00 | epoch: 1 pq: 1 rg: 15 | total time: 10.33m | eta: 0.6m
step 00397/00420 (94.52%) | loss: 4.538331 | lrm: 0.13 | dt: 1644.98ms | tok/sec: 79,680 | bf16_mfu: 0.00 | epoch: 1 pq: 1 rg: 15 | total time: 10.36m | eta: 0.6m
step 00398/00420 (94.76%) | loss: 4.548258 | lrm: 0.13 | dt: 1614.83ms | tok/sec: 81,167 | bf16_mfu: 0.00 | epoch: 1 pq: 1 rg: 16 | total time: 10.39m | eta: 0.6m
step 00399/00420 (95.00%) | loss: 4.550247 | lrm: 0.12 | dt: 1603.04ms | tok/sec: 81,764 | bf16_mfu: 0.00 | epoch: 1 pq: 1 rg: 16 | total time: 10.42m | eta: 0.6m
Step 00400 | Validation bpb: 1.352115
<|bos|>The capital of France is a great way to make a great way to make a great way to make a
<|bos|>The chemical symbol of gold is a great way to make a great way to make a great way to make a
<|bos|>If yesterday was Friday, then tomorrow will be the first time, the first time the first time the first time the first time
<|bos|>The opposite of hot is a great way to make a great way to make a great way to make a
<|bos|>The planets of the solar system are: the solar system, the solar system is the solar system that is the solar system
<|bos|>My favorite color is a great way to make a great way to make a great way to make a
<|bos|>If 5*x + 3 = 13, then x is the most important thing to do is that the most important thing is to do is
step 00400/00420 (95.24%) | loss: 4.552277 | lrm: 0.12 | dt: 1652.43ms | tok/sec: 79,320 | bf16_mfu: 0.00 | epoch: 1 pq: 1 rg: 16 | total time: 10.44m | eta: 0.5m
step 00401/00420 (95.48%) | loss: 4.548812 | lrm: 0.12 | dt: 1603.74ms | tok/sec: 81,728 | bf16_mfu: 0.00 | epoch: 1 pq: 1 rg: 16 | total time: 10.47m | eta: 0.5m
step 00402/00420 (95.71%) | loss: 4.549928 | lrm: 0.11 | dt: 1580.24ms | tok/sec: 82,944 | bf16_mfu: 0.00 | epoch: 1 pq: 1 rg: 17 | total time: 10.50m | eta: 0.5m
step 00403/00420 (95.95%) | loss: 4.548846 | lrm: 0.11 | dt: 1594.26ms | tok/sec: 82,214 | bf16_mfu: 0.00 | epoch: 1 pq: 1 rg: 17 | total time: 10.52m | eta: 0.5m
step 00404/00420 (96.19%) | loss: 4.553296 | lrm: 0.11 | dt: 1593.73ms | tok/sec: 82,242 | bf16_mfu: 0.00 | epoch: 1 pq: 1 rg: 17 | total time: 10.55m | eta: 0.4m
step 00405/00420 (96.43%) | loss: 4.543110 | lrm: 0.10 | dt: 1582.81ms | tok/sec: 82,809 | bf16_mfu: 0.00 | epoch: 1 pq: 1 rg: 17 | total time: 10.58m | eta: 0.4m
step 00406/00420 (96.67%) | loss: 4.528850 | lrm: 0.10 | dt: 1629.89ms | tok/sec: 80,417 | bf16_mfu: 0.00 | epoch: 1 pq: 1 rg: 17 | total time: 10.60m | eta: 0.4m
step 00407/00420 (96.90%) | loss: 4.532564 | lrm: 0.10 | dt: 1580.07ms | tok/sec: 82,953 | bf16_mfu: 0.00 | epoch: 1 pq: 1 rg: 18 | total time: 10.63m | eta: 0.3m
step 00408/00420 (97.14%) | loss: 4.516322 | lrm: 0.09 | dt: 1605.50ms | tok/sec: 81,639 | bf16_mfu: 0.00 | epoch: 1 pq: 1 rg: 18 | total time: 10.66m | eta: 0.3m
step 00409/00420 (97.38%) | loss: 4.519383 | lrm: 0.09 | dt: 1586.41ms | tok/sec: 82,622 | bf16_mfu: 0.00 | epoch: 1 pq: 1 rg: 18 | total time: 10.68m | eta: 0.3m
step 00410/00420 (97.62%) | loss: 4.514646 | lrm: 0.08 | dt: 1602.14ms | tok/sec: 81,810 | bf16_mfu: 0.00 | epoch: 1 pq: 1 rg: 19 | total time: 10.71m | eta: 0.3m
step 00411/00420 (97.86%) | loss: 4.524129 | lrm: 0.08 | dt: 1636.10ms | tok/sec: 80,112 | bf16_mfu: 0.00 | epoch: 1 pq: 1 rg: 19 | total time: 10.74m | eta: 0.2m
step 00412/00420 (98.10%) | loss: 4.523274 | lrm: 0.08 | dt: 1576.19ms | tok/sec: 83,157 | bf16_mfu: 0.00 | epoch: 1 pq: 1 rg: 19 | total time: 10.76m | eta: 0.2m
step 00413/00420 (98.33%) | loss: 4.527495 | lrm: 0.07 | dt: 1585.81ms | tok/sec: 82,652 | bf16_mfu: 0.00 | epoch: 1 pq: 1 rg: 19 | total time: 10.79m | eta: 0.2m
step 00414/00420 (98.57%) | loss: 4.533241 | lrm: 0.07 | dt: 1598.87ms | tok/sec: 81,978 | bf16_mfu: 0.00 | epoch: 1 pq: 1 rg: 19 | total time: 10.82m | eta: 0.2m
step 00415/00420 (98.81%) | loss: 4.528665 | lrm: 0.07 | dt: 1559.74ms | tok/sec: 84,034 | bf16_mfu: 0.00 | epoch: 1 pq: 1 rg: 20 | total time: 10.84m | eta: 0.1m
step 00416/00420 (99.05%) | loss: 4.534630 | lrm: 0.06 | dt: 1579.12ms | tok/sec: 83,003 | bf16_mfu: 0.00 | epoch: 1 pq: 1 rg: 20 | total time: 10.87m | eta: 0.1m
step 00417/00420 (99.29%) | loss: 4.545003 | lrm: 0.06 | dt: 1586.50ms | tok/sec: 82,616 | bf16_mfu: 0.00 | epoch: 1 pq: 1 rg: 20 | total time: 10.89m | eta: 0.1m
step 00418/00420 (99.52%) | loss: 4.549720 | lrm: 0.06 | dt: 1570.43ms | tok/sec: 83,462 | bf16_mfu: 0.00 | epoch: 1 pq: 1 rg: 20 | total time: 10.92m | eta: 0.1m
step 00419/00420 (99.76%) | loss: 4.545531 | lrm: 0.05 | dt: 1575.92ms | tok/sec: 83,171 | bf16_mfu: 0.00 | epoch: 1 pq: 1 rg: 21 | total time: 10.95m | eta: 0.0m
Step 00420 | Validation bpb: 1.347161
<|bos|>The capital of France is a popular choice for the most popular choice for the most popular choice. The most
<|bos|>The chemical symbol of gold is a great way to make a great way to make a great way to make a
<|bos|>If yesterday was Friday, then tomorrow will be the first time to be the first time. The first time was the first time
<|bos|>The opposite of hot is a great way to make a sense of the hot water. The hot water is
<|bos|>The planets of the solar system are: the planets of the planets, the planets, and the planets, the planets,
<|bos|>My favorite color is a great way to make a sense of the color of the color of the color
<|bos|>If 5*x + 3 = 13, then x is the most common problem with the problem of the problem is that the problem is that
Peak memory usage: 0.00MiB
Total training time: 10.95m
Minimum validation bpb: 1.347161
